
Allocating common symbols
Common symbol       size              file

mousedata0          0x4               mouse.o
keyfifo             0x4               keyboard.o
taskctl             0x4               mtask.o
timerctl            0x271c            timer.o
mousefifo           0x4               mouse.o
task_timer          0x4               mtask.o
keydata0            0x4               keyboard.o

Discarded input sections

 .eh_frame      0x0000000000000000       0xf4 bootpack.o
 .eh_frame      0x0000000000000000      0x124 graphic.o
 .eh_frame      0x0000000000000000       0x78 dsctbl.o
 .eh_frame      0x0000000000000000       0x7c mysprintf.o
 .eh_frame      0x0000000000000000       0x58 int.o
 .eh_frame      0x0000000000000000       0x98 fifo.o
 .eh_frame      0x0000000000000000       0x78 keyboard.o
 .eh_frame      0x0000000000000000       0x78 mouse.o
 .eh_frame      0x0000000000000000      0x104 memory.o
 .eh_frame      0x0000000000000000      0x15c sheet.o
 .eh_frame      0x0000000000000000      0x118 timer.o
 .eh_frame      0x0000000000000000      0x16c mtask.o
 .eh_frame      0x0000000000000000       0x58 mystrcmp.o
 .eh_frame      0x0000000000000000       0x78 file.o
 .eh_frame      0x0000000000000000       0xd0 window.o
 .eh_frame      0x0000000000000000      0x264 console.o

Memory Configuration

Name             Origin             Length             Attributes
*default*        0x0000000000000000 0xffffffffffffffff

Linker script and memory map

LOAD bootpack.o
LOAD graphic.o
LOAD dsctbl.o
LOAD naskfunc.o
LOAD hankaku.o
LOAD mysprintf.o
LOAD int.o
LOAD fifo.o
LOAD keyboard.o
LOAD mouse.o
LOAD memory.o
LOAD sheet.o
LOAD timer.o
LOAD mtask.o
LOAD mystrcmp.o
LOAD file.o
LOAD window.o
LOAD console.o

.head           0x0000000000000000       0x24
                0x0000000000000000        0x4 LONG 0x10000
                0x0000000000000004        0x4 LONG 0x69726148
                0x0000000000000008        0x4 LONG 0x0
                0x000000000000000c        0x4 LONG 0x310000
                0x0000000000000010        0x4 LONG 0x143c SIZEOF (.data)
                0x0000000000000014        0x4 LONG 0x6a92 LOADADDR (.data)
                0x0000000000000018        0x4 LONG 0xe9000000
                0x000000000000001c        0x4 LONG 0x10 (HariMain - 0x20)
                0x0000000000000020        0x4 LONG 0x0

.text           0x0000000000000030     0x6a62
 *(.text)
 .text          0x0000000000000030     0x10b1 bootpack.o
                0x0000000000000030                HariMain
                0x0000000000000dfe                keywin_off
                0x0000000000000e3c                keywin_on
                0x0000000000000e7a                open_constask
                0x0000000000000f79                open_console
                0x0000000000001034                close_constask
                0x0000000000001093                close_console
 .text          0x00000000000010e1      0x9ff graphic.o
                0x00000000000010e1                init_palette
                0x0000000000001248                set_palette
                0x00000000000012ee                boxfill8
                0x000000000000133d                init_screen8
                0x0000000000001558                putfont8
                0x0000000000001650                putfonts8_asc
                0x00000000000019a4                init_mouse_cursor8
                0x0000000000001a74                putblock8_8
 .text          0x0000000000001ae0      0x261 dsctbl.o
                0x0000000000001ae0                init_gdtidt
                0x0000000000001c8b                set_segmdesc
                0x0000000000001d02                set_gatedesc
 *fill*         0x0000000000001d41        0xf 
 .text          0x0000000000001d50      0x1c7 naskfunc.o
                0x0000000000001d50                io_hlt
                0x0000000000001d52                io_cli
                0x0000000000001d54                io_sti
                0x0000000000001d56                io_stihlt
                0x0000000000001d59                io_in8
                0x0000000000001d64                io_in16
                0x0000000000001d70                io_in32
                0x0000000000001d76                io_out8
                0x0000000000001d80                io_out16
                0x0000000000001d8b                io_out32
                0x0000000000001d95                io_load_eflags
                0x0000000000001d98                io_store_eflags
                0x0000000000001d9f                load_gdtr
                0x0000000000001daf                load_idtr
                0x0000000000001dbf                load_cr0
                0x0000000000001dc3                store_cr0
                0x0000000000001dcb                load_tr
                0x0000000000001dd1                asm_inthandler20
                0x0000000000001de8                asm_inthandler21
                0x0000000000001dff                asm_inthandler27
                0x0000000000001e16                asm_inthandler2c
                0x0000000000001e2d                asm_inthandler0c
                0x0000000000001e51                asm_inthandler0d
                0x0000000000001e71                memtest_sub
                0x0000000000001eb3                farjmp
                0x0000000000001eb8                farcall
                0x0000000000001ebd                asm_hrb_api
                0x0000000000001ede                start_app
                0x0000000000001f0c                asm_end_app
 .text          0x0000000000001f17        0x0 hankaku.o
 .text          0x0000000000001f17      0x1a2 mysprintf.o
                0x0000000000001f17                dec2asc
                0x0000000000001f92                hex2asc
                0x000000000000201d                sprintf
 .text          0x00000000000020b9       0xf3 int.o
                0x00000000000020b9                init_pic
                0x0000000000002194                inthandler27
 .text          0x00000000000021ac      0x178 fifo.o
                0x00000000000021ac                fifo32_init
                0x00000000000021f3                fifo32_put
                0x00000000000022a0                fifo32_get
                0x000000000000230f                fifo32_status
 .text          0x0000000000002324       0xa6 keyboard.o
                0x0000000000002324                inthandler21
                0x0000000000002369                wait_KBC_sendready
                0x0000000000002389                init_keyboard
 .text          0x00000000000023ca      0x1d8 mouse.o
                0x00000000000023ca                inthandler2c
                0x0000000000002421                enable_mouse
                0x000000000000246f                mouse_decode
 .text          0x00000000000025a2      0x4a3 memory.o
                0x00000000000025a2                memtest
                0x0000000000002651                memman_init
                0x000000000000267e                memman_total
                0x00000000000026b6                memman_alloc
                0x000000000000279d                memman_free
                0x00000000000029ea                memman_alloc_4k
                0x0000000000002a16                memman_free_4k
 .text          0x0000000000002a45      0xf5b sheet.o
                0x0000000000002a45                shtctl_init
                0x0000000000002b27                sheet_alloc
                0x0000000000002ba7                sheet_setbuf
                0x0000000000002bd0                sheet_refreshmap
                0x0000000000002eea                sheet_refreshsub
                0x0000000000003484                sheet_updown
                0x00000000000037f5                sheet_refresh
                0x0000000000003866                sheet_slide
                0x0000000000003979                sheet_free
 .text          0x00000000000039a0      0x3b7 timer.o
                0x00000000000039a0                init_pit
                0x0000000000003a38                timer_alloc
                0x0000000000003ab3                timer_free
                0x0000000000003ac0                timer_init
                0x0000000000003ad8                timer_settime
                0x0000000000003b84                inthandler20
                0x0000000000003c2f                timer_cancel
                0x0000000000003ccb                timer_cancelall
 .text          0x0000000000003d57      0x6e2 mtask.o
                0x0000000000003d57                task_now
                0x0000000000003d9d                task_add
                0x0000000000003dfc                task_remove
                0x0000000000003ecd                task_switchsub
                0x0000000000003f2e                task_idle
                0x0000000000003f3b                task_init
                0x0000000000004172                task_alloc
                0x0000000000004284                task_run
                0x00000000000042f5                task_switch
                0x00000000000043e9                task_sleep
 .text          0x0000000000004439      0x118 mystrcmp.o
                0x0000000000004439                strcmp
                0x00000000000044c4                strncmp
 .text          0x0000000000004551      0x2ab file.o
                0x0000000000004551                file_readfat
                0x00000000000045fb                file_loadfile
                0x000000000000469f                file_search
 .text          0x00000000000047fc      0x5dc window.o
                0x00000000000047fc                make_window8
                0x0000000000004966                make_wtitle8
                0x0000000000004a55                putfonts8_asc_sht
                0x0000000000004af4                make_textbox8
                0x0000000000004cf3                change_wtitle8
 .text          0x0000000000004dd8     0x1cba console.o
                0x0000000000004dd8                console_task
                0x00000000000051eb                cons_putchar
                0x0000000000005306                cons_newline
                0x0000000000005440                cons_runcmd
                0x00000000000055d4                cmd_mem
                0x000000000000562b                cmd_cls
                0x00000000000056a7                cmd_dir
                0x00000000000057d2                cons_putstr0
                0x0000000000005802                cons_putstr1
                0x000000000000583d                cmd_exit
                0x0000000000005959                cmd_start
                0x0000000000005a10                cmd_ncst
                0x0000000000005a92                cmd_langmode
                0x0000000000005ae6                cmd_app
                0x0000000000005ea7                hrb_api
                0x00000000000068a6                inthandler0d
                0x000000000000690a                inthandler0c
                0x000000000000696e                hrb_api_linewin

.data           0x0000000000310000     0x143c load address 0x0000000000006a92
 *(.data)
 .data          0x0000000000310000      0x100 bootpack.o
 .data          0x0000000000310100      0x140 graphic.o
 .data          0x0000000000310240        0x0 dsctbl.o
 .data          0x0000000000310240     0x1000 hankaku.o
                0x0000000000310240                hankaku
 .data          0x0000000000311240        0x0 mysprintf.o
 .data          0x0000000000311240        0x0 int.o
 .data          0x0000000000311240        0x0 fifo.o
 .data          0x0000000000311240        0x0 keyboard.o
 .data          0x0000000000311240        0x0 mouse.o
 .data          0x0000000000311240        0x0 memory.o
 .data          0x0000000000311240        0x0 sheet.o
 .data          0x0000000000311240        0x0 timer.o
 .data          0x0000000000311240        0x0 mtask.o
 .data          0x0000000000311240        0x0 mystrcmp.o
 .data          0x0000000000311240        0x0 file.o
 .data          0x0000000000311240       0xe0 window.o
 .data          0x0000000000311320        0x0 console.o
 *(.rodata*)
 .rodata        0x0000000000311320       0x33 bootpack.o
 *fill*         0x0000000000311353        0x1 
 .rodata        0x0000000000311354       0xe8 console.o
 *(.bss)
 .bss           0x000000000031143c        0x0 bootpack.o
 .bss           0x000000000031143c        0x0 graphic.o
 .bss           0x000000000031143c        0x0 dsctbl.o
 .bss           0x000000000031143c        0x0 hankaku.o
 .bss           0x000000000031143c        0x0 mysprintf.o
 .bss           0x000000000031143c        0x0 int.o
 .bss           0x000000000031143c        0x0 fifo.o
 .bss           0x000000000031143c        0x0 keyboard.o
 .bss           0x000000000031143c        0x0 mouse.o
 .bss           0x000000000031143c        0x0 memory.o
 .bss           0x000000000031143c        0x0 sheet.o
 .bss           0x000000000031143c        0x0 timer.o
 .bss           0x000000000031143c        0x0 mtask.o
 .bss           0x000000000031143c        0x0 mystrcmp.o
 .bss           0x000000000031143c        0x0 file.o
 .bss           0x000000000031143c        0x0 window.o
 .bss           0x000000000031143c        0x0 console.o

/DISCARD/
 *(.eh_frame)
OUTPUT(bootpack.hrb binary)

.comment        0x0000000000000000      0x132
 .comment       0x0000000000000000       0x12 bootpack.o
 .comment       0x0000000000000012       0x12 graphic.o
 .comment       0x0000000000000024       0x12 dsctbl.o
 .comment       0x0000000000000036       0x12 hankaku.o
 .comment       0x0000000000000048       0x12 mysprintf.o
 .comment       0x000000000000005a       0x12 int.o
 .comment       0x000000000000006c       0x12 fifo.o
 .comment       0x000000000000007e       0x12 keyboard.o
 .comment       0x0000000000000090       0x12 mouse.o
 .comment       0x00000000000000a2       0x12 memory.o
 .comment       0x00000000000000b4       0x12 sheet.o
 .comment       0x00000000000000c6       0x12 timer.o
 .comment       0x00000000000000d8       0x12 mtask.o
 .comment       0x00000000000000ea       0x12 mystrcmp.o
 .comment       0x00000000000000fc       0x12 file.o
 .comment       0x000000000000010e       0x12 window.o
 .comment       0x0000000000000120       0x12 console.o

.debug_aranges  0x0000000000000000       0x20
 .debug_aranges
                0x0000000000000000       0x20 naskfunc.o

.debug_pubnames
                0x0000000000000000        0x0
 .debug_pubnames
                0x0000000000000000        0x0 naskfunc.o

.debug_info     0x0000000000000000       0x3e
 .debug_info    0x0000000000000000       0x3e naskfunc.o

.debug_abbrev   0x0000000000000000       0x1b
 .debug_abbrev  0x0000000000000000       0x1b naskfunc.o

.debug_line     0x0000000000000000      0x118
 .debug_line    0x0000000000000000      0x118 naskfunc.o

.debug_frame    0x0000000000000000        0x0
 .debug_frame   0x0000000000000000        0x0 naskfunc.o

.debug_loc      0x0000000000000000        0x0
 .debug_loc     0x0000000000000000        0x0 naskfunc.o

.bss            0x0000000000311440     0x2744 load address 0x0000000000007ee0
 COMMON         0x0000000000311440        0x8 keyboard.o
                0x0000000000311440                keyfifo
                0x0000000000311444                keydata0
 COMMON         0x0000000000311448        0x8 mouse.o
                0x0000000000311448                mousedata0
                0x000000000031144c                mousefifo
 *fill*         0x0000000000311450       0x10 
 COMMON         0x0000000000311460     0x271c timer.o
                0x0000000000311460                timerctl
 COMMON         0x0000000000313b7c        0x8 mtask.o
                0x0000000000313b7c                taskctl
                0x0000000000313b80                task_timer
