
Allocating common symbols
Common symbol       size              file

mousedata0          0x4               mouse.o
keyfifo             0x4               keyboard.o
taskctl             0x4               mtask.o
timerctl            0x271c            timer.o
mousefifo           0x4               mouse.o
task_timer          0x4               mtask.o
keydata0            0x4               keyboard.o

Discarded input sections

 .eh_frame      0x0000000000000000       0x34 bootpack.o
 .eh_frame      0x0000000000000000      0x120 graphic.o
 .eh_frame      0x0000000000000000       0x78 dsctbl.o
 .eh_frame      0x0000000000000000       0x7c mysprintf.o
 .eh_frame      0x0000000000000000       0x58 int.o
 .eh_frame      0x0000000000000000       0x98 fifo.o
 .eh_frame      0x0000000000000000       0x78 keyboard.o
 .eh_frame      0x0000000000000000       0x78 mouse.o
 .eh_frame      0x0000000000000000      0x104 memory.o
 .eh_frame      0x0000000000000000      0x15c sheet.o
 .eh_frame      0x0000000000000000       0xd8 timer.o
 .eh_frame      0x0000000000000000      0x16c mtask.o
 .eh_frame      0x0000000000000000       0x58 mystrcmp.o
 .eh_frame      0x0000000000000000       0x78 file.o
 .eh_frame      0x0000000000000000       0xb0 window.o
 .eh_frame      0x0000000000000000      0x1a0 console.o

Memory Configuration

Name             Origin             Length             Attributes
*default*        0x0000000000000000 0xffffffffffffffff

Linker script and memory map

LOAD bootpack.o
LOAD graphic.o
LOAD dsctbl.o
LOAD naskfunc.o
LOAD hankaku.o
LOAD mysprintf.o
LOAD int.o
LOAD fifo.o
LOAD keyboard.o
LOAD mouse.o
LOAD memory.o
LOAD sheet.o
LOAD timer.o
LOAD mtask.o
LOAD mystrcmp.o
LOAD file.o
LOAD window.o
LOAD console.o

.head           0x0000000000000000       0x24
                0x0000000000000000        0x4 LONG 0x10000
                0x0000000000000004        0x4 LONG 0x69726148
                0x0000000000000008        0x4 LONG 0x0
                0x000000000000000c        0x4 LONG 0x310000
                0x0000000000000010        0x4 LONG 0x1394 SIZEOF (.data)
                0x0000000000000014        0x4 LONG 0x49bd LOADADDR (.data)
                0x0000000000000018        0x4 LONG 0xe9000000
                0x000000000000001c        0x4 LONG 0x10 (HariMain - 0x20)
                0x0000000000000020        0x4 LONG 0x0

.text           0x0000000000000030     0x498d
 *(.text)
 .text          0x0000000000000030      0xb1c bootpack.o
                0x0000000000000030                HariMain
 .text          0x0000000000000b4c      0x5ad graphic.o
                0x0000000000000b4c                init_palette
                0x0000000000000b69                set_palette
                0x0000000000000c0f                boxfill8
                0x0000000000000c5e                init_screen8
                0x0000000000000e79                putfont8
                0x0000000000000f71                putfonts8_asc
                0x0000000000000fbd                init_mouse_cursor8
                0x000000000000108d                putblock8_8
 .text          0x00000000000010f9      0x229 dsctbl.o
                0x00000000000010f9                init_gdtidt
                0x000000000000126c                set_segmdesc
                0x00000000000012e3                set_gatedesc
 *fill*         0x0000000000001322        0xe 
 .text          0x0000000000001330      0x2b0 naskfunc.o
                0x0000000000001330                io_hlt
                0x0000000000001332                io_cli
                0x0000000000001334                io_sti
                0x0000000000001336                io_stihlt
                0x0000000000001339                io_in8
                0x0000000000001344                io_in16
                0x0000000000001350                io_in32
                0x0000000000001356                io_out8
                0x0000000000001360                io_out16
                0x000000000000136b                io_out32
                0x0000000000001375                io_load_eflags
                0x0000000000001378                io_store_eflags
                0x000000000000137f                load_gdtr
                0x000000000000138f                load_idtr
                0x000000000000139f                load_cr0
                0x00000000000013a3                store_cr0
                0x00000000000013ab                load_tr
                0x00000000000013b1                asm_inthandler20
                0x00000000000013fe                asm_inthandler21
                0x000000000000144b                asm_inthandler27
                0x0000000000001498                asm_inthandler2c
                0x00000000000014e5                memtest_sub
                0x0000000000001527                farjmp
                0x000000000000152c                farcall
                0x0000000000001531                asm_hrb_api
                0x000000000000159d                start_app
 .text          0x00000000000015e0        0x0 hankaku.o
 .text          0x00000000000015e0      0x1a2 mysprintf.o
                0x00000000000015e0                dec2asc
                0x000000000000165b                hex2asc
                0x00000000000016e6                sprintf
 .text          0x0000000000001782       0xf3 int.o
                0x0000000000001782                init_pic
                0x000000000000185d                inthandler27
 .text          0x0000000000001875      0x178 fifo.o
                0x0000000000001875                fifo32_init
                0x00000000000018bc                fifo32_put
                0x0000000000001969                fifo32_get
                0x00000000000019d8                fifo32_status
 .text          0x00000000000019ed       0xa6 keyboard.o
                0x00000000000019ed                inthandler21
                0x0000000000001a32                wait_KBC_sendready
                0x0000000000001a52                init_keyboard
 .text          0x0000000000001a93      0x1d8 mouse.o
                0x0000000000001a93                inthandler2c
                0x0000000000001aea                enable_mouse
                0x0000000000001b38                mouse_decode
 .text          0x0000000000001c6b      0x4a3 memory.o
                0x0000000000001c6b                memtest
                0x0000000000001d1a                memman_init
                0x0000000000001d47                memman_total
                0x0000000000001d7f                memman_alloc
                0x0000000000001e66                memman_free
                0x00000000000020b3                memman_alloc_4k
                0x00000000000020df                memman_free_4k
 .text          0x000000000000210e      0xa4f sheet.o
                0x000000000000210e                shtctl_init
                0x00000000000021f0                sheet_alloc
                0x0000000000002266                sheet_setbuf
                0x000000000000228f                sheet_refreshmap
                0x000000000000245a                sheet_refreshsub
                0x0000000000002641                sheet_updown
                0x00000000000029b2                sheet_refresh
                0x0000000000002a23                sheet_slide
                0x0000000000002b36                sheet_free
 .text          0x0000000000002b5d      0x28c timer.o
                0x0000000000002b5d                init_pit
                0x0000000000002bfb                timer_alloc
                0x0000000000002c64                timer_free
                0x0000000000002c74                timer_init
                0x0000000000002c8c                timer_settime
                0x0000000000002d3b                inthandler20
 .text          0x0000000000002de9      0x696 mtask.o
                0x0000000000002de9                task_now
                0x0000000000002e2f                task_add
                0x0000000000002e8e                task_remove
                0x0000000000002f5f                task_switchsub
                0x0000000000002fc0                task_idle
                0x0000000000002fcd                task_init
                0x00000000000031a9                task_alloc
                0x00000000000032ca                task_run
                0x000000000000333b                task_switch
                0x000000000000342f                task_sleep
 .text          0x000000000000347f      0x118 mystrcmp.o
                0x000000000000347f                strcmp
                0x000000000000350a                strncmp
 .text          0x0000000000003597      0x2ab file.o
                0x0000000000003597                file_readfat
                0x0000000000003641                file_loadfile
                0x00000000000036e5                file_search
 .text          0x0000000000003842      0x4f7 window.o
                0x0000000000003842                make_window8
                0x00000000000039ac                make_wtitle8
                0x0000000000003a9b                putfonts8_asc_sht
                0x0000000000003b3a                make_textbox8
 .text          0x0000000000003d39      0xc84 console.o
                0x0000000000003d39                console_task
                0x00000000000040df                cons_putchar
                0x00000000000041e4                cons_newline
                0x00000000000042e7                cons_runcmd
                0x00000000000043d2                cmd_mem
                0x0000000000004420                cmd_cls
                0x000000000000449c                cmd_dir
                0x00000000000045c7                cons_putstr0
                0x00000000000045f7                cons_putstr1
                0x0000000000004632                cmd_type
                0x00000000000046fd                cmd_app
                0x0000000000004941                hrb_api

.data           0x0000000000310000     0x1394 load address 0x00000000000049bd
 *(.data)
 .data          0x0000000000310000      0x100 bootpack.o
 .data          0x0000000000310100      0x140 graphic.o
 .data          0x0000000000310240        0x0 dsctbl.o
 .data          0x0000000000310240     0x1000 hankaku.o
                0x0000000000310240                hankaku
 .data          0x0000000000311240        0x0 mysprintf.o
 .data          0x0000000000311240        0x0 int.o
 .data          0x0000000000311240        0x0 fifo.o
 .data          0x0000000000311240        0x0 keyboard.o
 .data          0x0000000000311240        0x0 mouse.o
 .data          0x0000000000311240        0x0 memory.o
 .data          0x0000000000311240        0x0 sheet.o
 .data          0x0000000000311240        0x0 timer.o
 .data          0x0000000000311240        0x0 mtask.o
 .data          0x0000000000311240        0x0 mystrcmp.o
 .data          0x0000000000311240        0x0 file.o
 .data          0x0000000000311240       0xe0 window.o
 .data          0x0000000000311320        0x0 console.o
 *(.rodata*)
 .rodata        0x0000000000311320       0x11 bootpack.o
 .rodata        0x0000000000311331       0x63 console.o
 *(.bss)
 .bss           0x0000000000311394        0x0 bootpack.o
 .bss           0x0000000000311394        0x0 graphic.o
 .bss           0x0000000000311394        0x0 dsctbl.o
 .bss           0x0000000000311394        0x0 hankaku.o
 .bss           0x0000000000311394        0x0 mysprintf.o
 .bss           0x0000000000311394        0x0 int.o
 .bss           0x0000000000311394        0x0 fifo.o
 .bss           0x0000000000311394        0x0 keyboard.o
 .bss           0x0000000000311394        0x0 mouse.o
 .bss           0x0000000000311394        0x0 memory.o
 .bss           0x0000000000311394        0x0 sheet.o
 .bss           0x0000000000311394        0x0 timer.o
 .bss           0x0000000000311394        0x0 mtask.o
 .bss           0x0000000000311394        0x0 mystrcmp.o
 .bss           0x0000000000311394        0x0 file.o
 .bss           0x0000000000311394        0x0 window.o
 .bss           0x0000000000311394        0x0 console.o

/DISCARD/
 *(.eh_frame)
OUTPUT(bootpack.hrb binary)

.comment        0x0000000000000000      0x132
 .comment       0x0000000000000000       0x12 bootpack.o
 .comment       0x0000000000000012       0x12 graphic.o
 .comment       0x0000000000000024       0x12 dsctbl.o
 .comment       0x0000000000000036       0x12 hankaku.o
 .comment       0x0000000000000048       0x12 mysprintf.o
 .comment       0x000000000000005a       0x12 int.o
 .comment       0x000000000000006c       0x12 fifo.o
 .comment       0x000000000000007e       0x12 keyboard.o
 .comment       0x0000000000000090       0x12 mouse.o
 .comment       0x00000000000000a2       0x12 memory.o
 .comment       0x00000000000000b4       0x12 sheet.o
 .comment       0x00000000000000c6       0x12 timer.o
 .comment       0x00000000000000d8       0x12 mtask.o
 .comment       0x00000000000000ea       0x12 mystrcmp.o
 .comment       0x00000000000000fc       0x12 file.o
 .comment       0x000000000000010e       0x12 window.o
 .comment       0x0000000000000120       0x12 console.o

.debug_aranges  0x0000000000000000       0x20
 .debug_aranges
                0x0000000000000000       0x20 naskfunc.o

.debug_pubnames
                0x0000000000000000        0x0
 .debug_pubnames
                0x0000000000000000        0x0 naskfunc.o

.debug_info     0x0000000000000000       0x3e
 .debug_info    0x0000000000000000       0x3e naskfunc.o

.debug_abbrev   0x0000000000000000       0x1b
 .debug_abbrev  0x0000000000000000       0x1b naskfunc.o

.debug_line     0x0000000000000000      0x165
 .debug_line    0x0000000000000000      0x165 naskfunc.o

.debug_frame    0x0000000000000000        0x0
 .debug_frame   0x0000000000000000        0x0 naskfunc.o

.debug_loc      0x0000000000000000        0x0
 .debug_loc     0x0000000000000000        0x0 naskfunc.o

.bss            0x00000000003113a0     0x2744 load address 0x0000000000005d60
 COMMON         0x00000000003113a0        0x8 keyboard.o
                0x00000000003113a0                keyfifo
                0x00000000003113a4                keydata0
 COMMON         0x00000000003113a8        0x8 mouse.o
                0x00000000003113a8                mousedata0
                0x00000000003113ac                mousefifo
 *fill*         0x00000000003113b0       0x10 
 COMMON         0x00000000003113c0     0x271c timer.o
                0x00000000003113c0                timerctl
 COMMON         0x0000000000313adc        0x8 mtask.o
                0x0000000000313adc                taskctl
                0x0000000000313ae0                task_timer
