
Allocating common symbols
Common symbol       size              file

mousedata0          0x4               mouse.o
keyfifo             0x4               keyboard.o
taskctl             0x4               mtask.o
timerctl            0x271c            timer.o
mousefifo           0x4               mouse.o
task_timer          0x4               mtask.o
keydata0            0x4               keyboard.o

Discarded input sections

 .eh_frame      0x0000000000000000       0xf4 bootpack.o
 .eh_frame      0x0000000000000000      0x124 graphic.o
 .eh_frame      0x0000000000000000       0x78 dsctbl.o
 .eh_frame      0x0000000000000000       0x7c mysprintf.o
 .eh_frame      0x0000000000000000       0x58 int.o
 .eh_frame      0x0000000000000000       0x98 fifo.o
 .eh_frame      0x0000000000000000       0x78 keyboard.o
 .eh_frame      0x0000000000000000       0x78 mouse.o
 .eh_frame      0x0000000000000000      0x104 memory.o
 .eh_frame      0x0000000000000000      0x15c sheet.o
 .eh_frame      0x0000000000000000      0x118 timer.o
 .eh_frame      0x0000000000000000      0x16c mtask.o
 .eh_frame      0x0000000000000000       0x58 mystrcmp.o
 .eh_frame      0x0000000000000000       0x78 file.o
 .eh_frame      0x0000000000000000       0xd0 window.o
 .eh_frame      0x0000000000000000      0x264 console.o

Memory Configuration

Name             Origin             Length             Attributes
*default*        0x0000000000000000 0xffffffffffffffff

Linker script and memory map

LOAD bootpack.o
LOAD graphic.o
LOAD dsctbl.o
LOAD naskfunc.o
LOAD hankaku.o
LOAD mysprintf.o
LOAD int.o
LOAD fifo.o
LOAD keyboard.o
LOAD mouse.o
LOAD memory.o
LOAD sheet.o
LOAD timer.o
LOAD mtask.o
LOAD mystrcmp.o
LOAD file.o
LOAD window.o
LOAD console.o

.head           0x0000000000000000       0x24
                0x0000000000000000        0x4 LONG 0x10000
                0x0000000000000004        0x4 LONG 0x69726148
                0x0000000000000008        0x4 LONG 0x0
                0x000000000000000c        0x4 LONG 0x310000
                0x0000000000000010        0x4 LONG 0x1428 SIZEOF (.data)
                0x0000000000000014        0x4 LONG 0x60b0 LOADADDR (.data)
                0x0000000000000018        0x4 LONG 0xe9000000
                0x000000000000001c        0x4 LONG 0x10 (HariMain - 0x20)
                0x0000000000000020        0x4 LONG 0x0

.text           0x0000000000000030     0x6080
 *(.text)
 .text          0x0000000000000030      0xec2 bootpack.o
                0x0000000000000030                HariMain
                0x0000000000000c0f                keywin_off
                0x0000000000000c4d                keywin_on
                0x0000000000000c8b                open_constask
                0x0000000000000d8a                open_console
                0x0000000000000e45                close_constask
                0x0000000000000ea4                close_console
 .text          0x0000000000000ef2      0x6f7 graphic.o
                0x0000000000000ef2                init_palette
                0x0000000000001059                set_palette
                0x00000000000010ff                boxfill8
                0x000000000000114e                init_screen8
                0x0000000000001369                putfont8
                0x0000000000001461                putfonts8_asc
                0x00000000000014ad                init_mouse_cursor8
                0x000000000000157d                putblock8_8
 .text          0x00000000000015e9      0x261 dsctbl.o
                0x00000000000015e9                init_gdtidt
                0x0000000000001794                set_segmdesc
                0x000000000000180b                set_gatedesc
 *fill*         0x000000000000184a        0x6 
 .text          0x0000000000001850      0x1c7 naskfunc.o
                0x0000000000001850                io_hlt
                0x0000000000001852                io_cli
                0x0000000000001854                io_sti
                0x0000000000001856                io_stihlt
                0x0000000000001859                io_in8
                0x0000000000001864                io_in16
                0x0000000000001870                io_in32
                0x0000000000001876                io_out8
                0x0000000000001880                io_out16
                0x000000000000188b                io_out32
                0x0000000000001895                io_load_eflags
                0x0000000000001898                io_store_eflags
                0x000000000000189f                load_gdtr
                0x00000000000018af                load_idtr
                0x00000000000018bf                load_cr0
                0x00000000000018c3                store_cr0
                0x00000000000018cb                load_tr
                0x00000000000018d1                asm_inthandler20
                0x00000000000018e8                asm_inthandler21
                0x00000000000018ff                asm_inthandler27
                0x0000000000001916                asm_inthandler2c
                0x000000000000192d                asm_inthandler0c
                0x0000000000001951                asm_inthandler0d
                0x0000000000001971                memtest_sub
                0x00000000000019b3                farjmp
                0x00000000000019b8                farcall
                0x00000000000019bd                asm_hrb_api
                0x00000000000019de                start_app
                0x0000000000001a0c                asm_end_app
 .text          0x0000000000001a17        0x0 hankaku.o
 .text          0x0000000000001a17      0x1a2 mysprintf.o
                0x0000000000001a17                dec2asc
                0x0000000000001a92                hex2asc
                0x0000000000001b1d                sprintf
 .text          0x0000000000001bb9       0xf3 int.o
                0x0000000000001bb9                init_pic
                0x0000000000001c94                inthandler27
 .text          0x0000000000001cac      0x178 fifo.o
                0x0000000000001cac                fifo32_init
                0x0000000000001cf3                fifo32_put
                0x0000000000001da0                fifo32_get
                0x0000000000001e0f                fifo32_status
 .text          0x0000000000001e24       0xa6 keyboard.o
                0x0000000000001e24                inthandler21
                0x0000000000001e69                wait_KBC_sendready
                0x0000000000001e89                init_keyboard
 .text          0x0000000000001eca      0x1d8 mouse.o
                0x0000000000001eca                inthandler2c
                0x0000000000001f21                enable_mouse
                0x0000000000001f6f                mouse_decode
 .text          0x00000000000020a2      0x4a3 memory.o
                0x00000000000020a2                memtest
                0x0000000000002151                memman_init
                0x000000000000217e                memman_total
                0x00000000000021b6                memman_alloc
                0x000000000000229d                memman_free
                0x00000000000024ea                memman_alloc_4k
                0x0000000000002516                memman_free_4k
 .text          0x0000000000002545      0xf5b sheet.o
                0x0000000000002545                shtctl_init
                0x0000000000002627                sheet_alloc
                0x00000000000026a7                sheet_setbuf
                0x00000000000026d0                sheet_refreshmap
                0x00000000000029ea                sheet_refreshsub
                0x0000000000002f84                sheet_updown
                0x00000000000032f5                sheet_refresh
                0x0000000000003366                sheet_slide
                0x0000000000003479                sheet_free
 .text          0x00000000000034a0      0x3b7 timer.o
                0x00000000000034a0                init_pit
                0x0000000000003538                timer_alloc
                0x00000000000035b3                timer_free
                0x00000000000035c0                timer_init
                0x00000000000035d8                timer_settime
                0x0000000000003684                inthandler20
                0x000000000000372f                timer_cancel
                0x00000000000037cb                timer_cancelall
 .text          0x0000000000003857      0x687 mtask.o
                0x0000000000003857                task_now
                0x000000000000389d                task_add
                0x00000000000038fc                task_remove
                0x00000000000039cd                task_switchsub
                0x0000000000003a2e                task_idle
                0x0000000000003a3b                task_init
                0x0000000000003c08                task_alloc
                0x0000000000003d29                task_run
                0x0000000000003d9a                task_switch
                0x0000000000003e8e                task_sleep
 .text          0x0000000000003ede      0x118 mystrcmp.o
                0x0000000000003ede                strcmp
                0x0000000000003f69                strncmp
 .text          0x0000000000003ff6      0x2ab file.o
                0x0000000000003ff6                file_readfat
                0x00000000000040a0                file_loadfile
                0x0000000000004144                file_search
 .text          0x00000000000042a1      0x5dc window.o
                0x00000000000042a1                make_window8
                0x000000000000440b                make_wtitle8
                0x00000000000044fa                putfonts8_asc_sht
                0x0000000000004599                make_textbox8
                0x0000000000004798                change_wtitle8
 .text          0x000000000000487d     0x1833 console.o
                0x000000000000487d                console_task
                0x0000000000004bc8                cons_putchar
                0x0000000000004ce3                cons_newline
                0x0000000000004df0                cons_runcmd
                0x0000000000004f92                cmd_mem
                0x0000000000004fe0                cmd_cls
                0x000000000000505c                cmd_dir
                0x0000000000005187                cons_putstr0
                0x00000000000051b7                cons_putstr1
                0x00000000000051f2                cmd_type
                0x00000000000052bd                cmd_exit
                0x00000000000053dd                cmd_start
                0x0000000000005494                cmd_ncst
                0x0000000000005516                cmd_app
                0x0000000000005873                hrb_api
                0x0000000000005ec4                inthandler0d
                0x0000000000005f28                inthandler0c
                0x0000000000005f8c                hrb_api_linewin

.data           0x0000000000310000     0x1428 load address 0x00000000000060b0
 *(.data)
 .data          0x0000000000310000      0x100 bootpack.o
 .data          0x0000000000310100      0x140 graphic.o
 .data          0x0000000000310240        0x0 dsctbl.o
 .data          0x0000000000310240     0x1000 hankaku.o
                0x0000000000310240                hankaku
 .data          0x0000000000311240        0x0 mysprintf.o
 .data          0x0000000000311240        0x0 int.o
 .data          0x0000000000311240        0x0 fifo.o
 .data          0x0000000000311240        0x0 keyboard.o
 .data          0x0000000000311240        0x0 mouse.o
 .data          0x0000000000311240        0x0 memory.o
 .data          0x0000000000311240        0x0 sheet.o
 .data          0x0000000000311240        0x0 timer.o
 .data          0x0000000000311240        0x0 mtask.o
 .data          0x0000000000311240        0x0 mystrcmp.o
 .data          0x0000000000311240        0x0 file.o
 .data          0x0000000000311240       0xe0 window.o
 .data          0x0000000000311320        0x0 console.o
 *(.rodata*)
 .rodata        0x0000000000311320       0x27 bootpack.o
 *fill*         0x0000000000311347        0x1 
 .rodata        0x0000000000311348       0xe0 console.o
 *(.bss)
 .bss           0x0000000000311428        0x0 bootpack.o
 .bss           0x0000000000311428        0x0 graphic.o
 .bss           0x0000000000311428        0x0 dsctbl.o
 .bss           0x0000000000311428        0x0 hankaku.o
 .bss           0x0000000000311428        0x0 mysprintf.o
 .bss           0x0000000000311428        0x0 int.o
 .bss           0x0000000000311428        0x0 fifo.o
 .bss           0x0000000000311428        0x0 keyboard.o
 .bss           0x0000000000311428        0x0 mouse.o
 .bss           0x0000000000311428        0x0 memory.o
 .bss           0x0000000000311428        0x0 sheet.o
 .bss           0x0000000000311428        0x0 timer.o
 .bss           0x0000000000311428        0x0 mtask.o
 .bss           0x0000000000311428        0x0 mystrcmp.o
 .bss           0x0000000000311428        0x0 file.o
 .bss           0x0000000000311428        0x0 window.o
 .bss           0x0000000000311428        0x0 console.o

/DISCARD/
 *(.eh_frame)
OUTPUT(bootpack.hrb binary)

.comment        0x0000000000000000      0x132
 .comment       0x0000000000000000       0x12 bootpack.o
 .comment       0x0000000000000012       0x12 graphic.o
 .comment       0x0000000000000024       0x12 dsctbl.o
 .comment       0x0000000000000036       0x12 hankaku.o
 .comment       0x0000000000000048       0x12 mysprintf.o
 .comment       0x000000000000005a       0x12 int.o
 .comment       0x000000000000006c       0x12 fifo.o
 .comment       0x000000000000007e       0x12 keyboard.o
 .comment       0x0000000000000090       0x12 mouse.o
 .comment       0x00000000000000a2       0x12 memory.o
 .comment       0x00000000000000b4       0x12 sheet.o
 .comment       0x00000000000000c6       0x12 timer.o
 .comment       0x00000000000000d8       0x12 mtask.o
 .comment       0x00000000000000ea       0x12 mystrcmp.o
 .comment       0x00000000000000fc       0x12 file.o
 .comment       0x000000000000010e       0x12 window.o
 .comment       0x0000000000000120       0x12 console.o

.debug_aranges  0x0000000000000000       0x20
 .debug_aranges
                0x0000000000000000       0x20 naskfunc.o

.debug_pubnames
                0x0000000000000000        0x0
 .debug_pubnames
                0x0000000000000000        0x0 naskfunc.o

.debug_info     0x0000000000000000       0x3e
 .debug_info    0x0000000000000000       0x3e naskfunc.o

.debug_abbrev   0x0000000000000000       0x1b
 .debug_abbrev  0x0000000000000000       0x1b naskfunc.o

.debug_line     0x0000000000000000      0x118
 .debug_line    0x0000000000000000      0x118 naskfunc.o

.debug_frame    0x0000000000000000        0x0
 .debug_frame   0x0000000000000000        0x0 naskfunc.o

.debug_loc      0x0000000000000000        0x0
 .debug_loc     0x0000000000000000        0x0 naskfunc.o

.bss            0x0000000000311440     0x2744 load address 0x0000000000007500
 COMMON         0x0000000000311440        0x8 keyboard.o
                0x0000000000311440                keyfifo
                0x0000000000311444                keydata0
 COMMON         0x0000000000311448        0x8 mouse.o
                0x0000000000311448                mousedata0
                0x000000000031144c                mousefifo
 *fill*         0x0000000000311450       0x10 
 COMMON         0x0000000000311460     0x271c timer.o
                0x0000000000311460                timerctl
 COMMON         0x0000000000313b7c        0x8 mtask.o
                0x0000000000313b7c                taskctl
                0x0000000000313b80                task_timer
