     1                                  GLOBAL  api_openwin
     2                                  
     3                                  api_openwin:   ; int api_openwin (char *buf, int xsiz, int ysiz, int col_inv, char *title);
     4 00000000 57                          push    edi
     5 00000001 56                          push    esi
     6 00000002 53                          push    ebx
     7 00000003 BA05000000                  mov     edx, 5
     8 00000008 8B5C2410                    mov     ebx, [esp+16]    ; buf
     9 0000000C 8B742414                    mov     esi, [esp+20]    ; xsiz
    10 00000010 8B7C2418                    mov     edi, [esp+24]    ; ysiz
    11 00000014 8B44241C                    mov     eax, [esp+28]    ; col_inv
    12 00000018 8B4C2420                    mov     ecx, [esp+32]    ; title
    13 0000001C CD40                        int     0x40
    14 0000001E 5B                          pop     ebx
    15 0000001F 5E                          pop     esi
    16 00000020 5F                          pop     edi
    17 00000021 C3                          ret
    18                                  
    19                                  
