
Allocating common symbols
Common symbol       size              file

mousedata0          0x4               mouse.o
keyfifo             0x4               keyboard.o
taskctl             0x4               mtask.o
timerctl            0x271c            timer.o
mousefifo           0x4               mouse.o
task_timer          0x4               mtask.o
keydata0            0x4               keyboard.o

Discarded input sections

 .eh_frame      0x0000000000000000       0xf4 bootpack.o
 .eh_frame      0x0000000000000000      0x124 graphic.o
 .eh_frame      0x0000000000000000       0x78 dsctbl.o
 .eh_frame      0x0000000000000000       0x7c mysprintf.o
 .eh_frame      0x0000000000000000       0x58 int.o
 .eh_frame      0x0000000000000000       0x98 fifo.o
 .eh_frame      0x0000000000000000       0x78 keyboard.o
 .eh_frame      0x0000000000000000       0x78 mouse.o
 .eh_frame      0x0000000000000000      0x104 memory.o
 .eh_frame      0x0000000000000000      0x15c sheet.o
 .eh_frame      0x0000000000000000      0x118 timer.o
 .eh_frame      0x0000000000000000      0x16c mtask.o
 .eh_frame      0x0000000000000000       0x58 mystrcmp.o
 .eh_frame      0x0000000000000000       0x78 file.o
 .eh_frame      0x0000000000000000       0xd0 window.o
 .eh_frame      0x0000000000000000      0x264 console.o

Memory Configuration

Name             Origin             Length             Attributes
*default*        0x0000000000000000 0xffffffffffffffff

Linker script and memory map

LOAD bootpack.o
LOAD graphic.o
LOAD dsctbl.o
LOAD naskfunc.o
LOAD hankaku.o
LOAD mysprintf.o
LOAD int.o
LOAD fifo.o
LOAD keyboard.o
LOAD mouse.o
LOAD memory.o
LOAD sheet.o
LOAD timer.o
LOAD mtask.o
LOAD mystrcmp.o
LOAD file.o
LOAD window.o
LOAD console.o

.head           0x0000000000000000       0x24
                0x0000000000000000        0x4 LONG 0x10000
                0x0000000000000004        0x4 LONG 0x69726148
                0x0000000000000008        0x4 LONG 0x0
                0x000000000000000c        0x4 LONG 0x310000
                0x0000000000000010        0x4 LONG 0x143c SIZEOF (.data)
                0x0000000000000014        0x4 LONG 0x6795 LOADADDR (.data)
                0x0000000000000018        0x4 LONG 0xe9000000
                0x000000000000001c        0x4 LONG 0x10 (HariMain - 0x20)
                0x0000000000000020        0x4 LONG 0x0

.text           0x0000000000000030     0x6765
 *(.text)
 .text          0x0000000000000030     0x10b1 bootpack.o
                0x0000000000000030                HariMain
                0x0000000000000dfe                keywin_off
                0x0000000000000e3c                keywin_on
                0x0000000000000e7a                open_constask
                0x0000000000000f79                open_console
                0x0000000000001034                close_constask
                0x0000000000001093                close_console
 .text          0x00000000000010e1      0x768 graphic.o
                0x00000000000010e1                init_palette
                0x0000000000001248                set_palette
                0x00000000000012ee                boxfill8
                0x000000000000133d                init_screen8
                0x0000000000001558                putfont8
                0x0000000000001650                putfonts8_asc
                0x000000000000170d                init_mouse_cursor8
                0x00000000000017dd                putblock8_8
 .text          0x0000000000001849      0x261 dsctbl.o
                0x0000000000001849                init_gdtidt
                0x00000000000019f4                set_segmdesc
                0x0000000000001a6b                set_gatedesc
 *fill*         0x0000000000001aaa        0x6 
 .text          0x0000000000001ab0      0x1c7 naskfunc.o
                0x0000000000001ab0                io_hlt
                0x0000000000001ab2                io_cli
                0x0000000000001ab4                io_sti
                0x0000000000001ab6                io_stihlt
                0x0000000000001ab9                io_in8
                0x0000000000001ac4                io_in16
                0x0000000000001ad0                io_in32
                0x0000000000001ad6                io_out8
                0x0000000000001ae0                io_out16
                0x0000000000001aeb                io_out32
                0x0000000000001af5                io_load_eflags
                0x0000000000001af8                io_store_eflags
                0x0000000000001aff                load_gdtr
                0x0000000000001b0f                load_idtr
                0x0000000000001b1f                load_cr0
                0x0000000000001b23                store_cr0
                0x0000000000001b2b                load_tr
                0x0000000000001b31                asm_inthandler20
                0x0000000000001b48                asm_inthandler21
                0x0000000000001b5f                asm_inthandler27
                0x0000000000001b76                asm_inthandler2c
                0x0000000000001b8d                asm_inthandler0c
                0x0000000000001bb1                asm_inthandler0d
                0x0000000000001bd1                memtest_sub
                0x0000000000001c13                farjmp
                0x0000000000001c18                farcall
                0x0000000000001c1d                asm_hrb_api
                0x0000000000001c3e                start_app
                0x0000000000001c6c                asm_end_app
 .text          0x0000000000001c77        0x0 hankaku.o
 .text          0x0000000000001c77      0x1a2 mysprintf.o
                0x0000000000001c77                dec2asc
                0x0000000000001cf2                hex2asc
                0x0000000000001d7d                sprintf
 .text          0x0000000000001e19       0xf3 int.o
                0x0000000000001e19                init_pic
                0x0000000000001ef4                inthandler27
 .text          0x0000000000001f0c      0x178 fifo.o
                0x0000000000001f0c                fifo32_init
                0x0000000000001f53                fifo32_put
                0x0000000000002000                fifo32_get
                0x000000000000206f                fifo32_status
 .text          0x0000000000002084       0xa6 keyboard.o
                0x0000000000002084                inthandler21
                0x00000000000020c9                wait_KBC_sendready
                0x00000000000020e9                init_keyboard
 .text          0x000000000000212a      0x1d8 mouse.o
                0x000000000000212a                inthandler2c
                0x0000000000002181                enable_mouse
                0x00000000000021cf                mouse_decode
 .text          0x0000000000002302      0x4a3 memory.o
                0x0000000000002302                memtest
                0x00000000000023b1                memman_init
                0x00000000000023de                memman_total
                0x0000000000002416                memman_alloc
                0x00000000000024fd                memman_free
                0x000000000000274a                memman_alloc_4k
                0x0000000000002776                memman_free_4k
 .text          0x00000000000027a5      0xf5b sheet.o
                0x00000000000027a5                shtctl_init
                0x0000000000002887                sheet_alloc
                0x0000000000002907                sheet_setbuf
                0x0000000000002930                sheet_refreshmap
                0x0000000000002c4a                sheet_refreshsub
                0x00000000000031e4                sheet_updown
                0x0000000000003555                sheet_refresh
                0x00000000000035c6                sheet_slide
                0x00000000000036d9                sheet_free
 .text          0x0000000000003700      0x3b7 timer.o
                0x0000000000003700                init_pit
                0x0000000000003798                timer_alloc
                0x0000000000003813                timer_free
                0x0000000000003820                timer_init
                0x0000000000003838                timer_settime
                0x00000000000038e4                inthandler20
                0x000000000000398f                timer_cancel
                0x0000000000003a2b                timer_cancelall
 .text          0x0000000000003ab7      0x6e2 mtask.o
                0x0000000000003ab7                task_now
                0x0000000000003afd                task_add
                0x0000000000003b5c                task_remove
                0x0000000000003c2d                task_switchsub
                0x0000000000003c8e                task_idle
                0x0000000000003c9b                task_init
                0x0000000000003ed2                task_alloc
                0x0000000000003fe4                task_run
                0x0000000000004055                task_switch
                0x0000000000004149                task_sleep
 .text          0x0000000000004199      0x118 mystrcmp.o
                0x0000000000004199                strcmp
                0x0000000000004224                strncmp
 .text          0x00000000000042b1      0x2ab file.o
                0x00000000000042b1                file_readfat
                0x000000000000435b                file_loadfile
                0x00000000000043ff                file_search
 .text          0x000000000000455c      0x5dc window.o
                0x000000000000455c                make_window8
                0x00000000000046c6                make_wtitle8
                0x00000000000047b5                putfonts8_asc_sht
                0x0000000000004854                make_textbox8
                0x0000000000004a53                change_wtitle8
 .text          0x0000000000004b38     0x1c5d console.o
                0x0000000000004b38                console_task
                0x0000000000004f41                cons_putchar
                0x000000000000505c                cons_newline
                0x0000000000005169                cons_runcmd
                0x00000000000052fd                cmd_mem
                0x0000000000005354                cmd_cls
                0x00000000000053d0                cmd_dir
                0x00000000000054fb                cons_putstr0
                0x000000000000552b                cons_putstr1
                0x0000000000005566                cmd_exit
                0x0000000000005682                cmd_start
                0x0000000000005739                cmd_ncst
                0x00000000000057bb                cmd_langmode
                0x000000000000580f                cmd_app
                0x0000000000005bc6                hrb_api
                0x00000000000065a9                inthandler0d
                0x000000000000660d                inthandler0c
                0x0000000000006671                hrb_api_linewin

.data           0x0000000000310000     0x143c load address 0x0000000000006795
 *(.data)
 .data          0x0000000000310000      0x100 bootpack.o
 .data          0x0000000000310100      0x140 graphic.o
 .data          0x0000000000310240        0x0 dsctbl.o
 .data          0x0000000000310240     0x1000 hankaku.o
                0x0000000000310240                hankaku
 .data          0x0000000000311240        0x0 mysprintf.o
 .data          0x0000000000311240        0x0 int.o
 .data          0x0000000000311240        0x0 fifo.o
 .data          0x0000000000311240        0x0 keyboard.o
 .data          0x0000000000311240        0x0 mouse.o
 .data          0x0000000000311240        0x0 memory.o
 .data          0x0000000000311240        0x0 sheet.o
 .data          0x0000000000311240        0x0 timer.o
 .data          0x0000000000311240        0x0 mtask.o
 .data          0x0000000000311240        0x0 mystrcmp.o
 .data          0x0000000000311240        0x0 file.o
 .data          0x0000000000311240       0xe0 window.o
 .data          0x0000000000311320        0x0 console.o
 *(.rodata*)
 .rodata        0x0000000000311320       0x33 bootpack.o
 *fill*         0x0000000000311353        0x1 
 .rodata        0x0000000000311354       0xe8 console.o
 *(.bss)
 .bss           0x000000000031143c        0x0 bootpack.o
 .bss           0x000000000031143c        0x0 graphic.o
 .bss           0x000000000031143c        0x0 dsctbl.o
 .bss           0x000000000031143c        0x0 hankaku.o
 .bss           0x000000000031143c        0x0 mysprintf.o
 .bss           0x000000000031143c        0x0 int.o
 .bss           0x000000000031143c        0x0 fifo.o
 .bss           0x000000000031143c        0x0 keyboard.o
 .bss           0x000000000031143c        0x0 mouse.o
 .bss           0x000000000031143c        0x0 memory.o
 .bss           0x000000000031143c        0x0 sheet.o
 .bss           0x000000000031143c        0x0 timer.o
 .bss           0x000000000031143c        0x0 mtask.o
 .bss           0x000000000031143c        0x0 mystrcmp.o
 .bss           0x000000000031143c        0x0 file.o
 .bss           0x000000000031143c        0x0 window.o
 .bss           0x000000000031143c        0x0 console.o

/DISCARD/
 *(.eh_frame)
OUTPUT(bootpack.hrb binary)

.comment        0x0000000000000000      0x132
 .comment       0x0000000000000000       0x12 bootpack.o
 .comment       0x0000000000000012       0x12 graphic.o
 .comment       0x0000000000000024       0x12 dsctbl.o
 .comment       0x0000000000000036       0x12 hankaku.o
 .comment       0x0000000000000048       0x12 mysprintf.o
 .comment       0x000000000000005a       0x12 int.o
 .comment       0x000000000000006c       0x12 fifo.o
 .comment       0x000000000000007e       0x12 keyboard.o
 .comment       0x0000000000000090       0x12 mouse.o
 .comment       0x00000000000000a2       0x12 memory.o
 .comment       0x00000000000000b4       0x12 sheet.o
 .comment       0x00000000000000c6       0x12 timer.o
 .comment       0x00000000000000d8       0x12 mtask.o
 .comment       0x00000000000000ea       0x12 mystrcmp.o
 .comment       0x00000000000000fc       0x12 file.o
 .comment       0x000000000000010e       0x12 window.o
 .comment       0x0000000000000120       0x12 console.o

.debug_aranges  0x0000000000000000       0x20
 .debug_aranges
                0x0000000000000000       0x20 naskfunc.o

.debug_pubnames
                0x0000000000000000        0x0
 .debug_pubnames
                0x0000000000000000        0x0 naskfunc.o

.debug_info     0x0000000000000000       0x3e
 .debug_info    0x0000000000000000       0x3e naskfunc.o

.debug_abbrev   0x0000000000000000       0x1b
 .debug_abbrev  0x0000000000000000       0x1b naskfunc.o

.debug_line     0x0000000000000000      0x118
 .debug_line    0x0000000000000000      0x118 naskfunc.o

.debug_frame    0x0000000000000000        0x0
 .debug_frame   0x0000000000000000        0x0 naskfunc.o

.debug_loc      0x0000000000000000        0x0
 .debug_loc     0x0000000000000000        0x0 naskfunc.o

.bss            0x0000000000311440     0x2744 load address 0x0000000000007be0
 COMMON         0x0000000000311440        0x8 keyboard.o
                0x0000000000311440                keyfifo
                0x0000000000311444                keydata0
 COMMON         0x0000000000311448        0x8 mouse.o
                0x0000000000311448                mousedata0
                0x000000000031144c                mousefifo
 *fill*         0x0000000000311450       0x10 
 COMMON         0x0000000000311460     0x271c timer.o
                0x0000000000311460                timerctl
 COMMON         0x0000000000313b7c        0x8 mtask.o
                0x0000000000313b7c                taskctl
                0x0000000000313b80                task_timer
