
Allocating common symbols
Common symbol       size              file

mousedata0          0x4               mouse.o
keyfifo             0x4               keyboard.o
taskctl             0x4               mtask.o
timerctl            0x271c            timer.o
mousefifo           0x4               mouse.o
task_timer          0x4               mtask.o
keydata0            0x4               keyboard.o

Discarded input sections

 .eh_frame      0x0000000000000000       0xf4 bootpack.o
 .eh_frame      0x0000000000000000      0x124 graphic.o
 .eh_frame      0x0000000000000000       0x78 dsctbl.o
 .eh_frame      0x0000000000000000       0x7c mysprintf.o
 .eh_frame      0x0000000000000000       0x58 int.o
 .eh_frame      0x0000000000000000       0x98 fifo.o
 .eh_frame      0x0000000000000000       0x78 keyboard.o
 .eh_frame      0x0000000000000000       0x78 mouse.o
 .eh_frame      0x0000000000000000      0x104 memory.o
 .eh_frame      0x0000000000000000      0x15c sheet.o
 .eh_frame      0x0000000000000000      0x118 timer.o
 .eh_frame      0x0000000000000000      0x16c mtask.o
 .eh_frame      0x0000000000000000       0x58 mystrcmp.o
 .eh_frame      0x0000000000000000       0x78 file.o
 .eh_frame      0x0000000000000000       0xd0 window.o
 .eh_frame      0x0000000000000000      0x260 console.o

Memory Configuration

Name             Origin             Length             Attributes
*default*        0x0000000000000000 0xffffffffffffffff

Linker script and memory map

LOAD bootpack.o
LOAD graphic.o
LOAD dsctbl.o
LOAD naskfunc.o
LOAD hankaku.o
LOAD mysprintf.o
LOAD int.o
LOAD fifo.o
LOAD keyboard.o
LOAD mouse.o
LOAD memory.o
LOAD sheet.o
LOAD timer.o
LOAD mtask.o
LOAD mystrcmp.o
LOAD file.o
LOAD window.o
LOAD console.o

.head           0x0000000000000000       0x24
                0x0000000000000000        0x4 LONG 0x10000
                0x0000000000000004        0x4 LONG 0x69726148
                0x0000000000000008        0x4 LONG 0x0
                0x000000000000000c        0x4 LONG 0x310000
                0x0000000000000010        0x4 LONG 0x1428 SIZEOF (.data)
                0x0000000000000014        0x4 LONG 0x622a LOADADDR (.data)
                0x0000000000000018        0x4 LONG 0xe9000000
                0x000000000000001c        0x4 LONG 0x10 (HariMain - 0x20)
                0x0000000000000020        0x4 LONG 0x0

.text           0x0000000000000030     0x61fa
 *(.text)
 .text          0x0000000000000030      0xf65 bootpack.o
                0x0000000000000030                HariMain
                0x0000000000000cb2                keywin_off
                0x0000000000000cf0                keywin_on
                0x0000000000000d2e                open_constask
                0x0000000000000e2d                open_console
                0x0000000000000ee8                close_constask
                0x0000000000000f47                close_console
 .text          0x0000000000000f95      0x6f7 graphic.o
                0x0000000000000f95                init_palette
                0x00000000000010fc                set_palette
                0x00000000000011a2                boxfill8
                0x00000000000011f1                init_screen8
                0x000000000000140c                putfont8
                0x0000000000001504                putfonts8_asc
                0x0000000000001550                init_mouse_cursor8
                0x0000000000001620                putblock8_8
 .text          0x000000000000168c      0x261 dsctbl.o
                0x000000000000168c                init_gdtidt
                0x0000000000001837                set_segmdesc
                0x00000000000018ae                set_gatedesc
 *fill*         0x00000000000018ed        0x3 
 .text          0x00000000000018f0      0x1c7 naskfunc.o
                0x00000000000018f0                io_hlt
                0x00000000000018f2                io_cli
                0x00000000000018f4                io_sti
                0x00000000000018f6                io_stihlt
                0x00000000000018f9                io_in8
                0x0000000000001904                io_in16
                0x0000000000001910                io_in32
                0x0000000000001916                io_out8
                0x0000000000001920                io_out16
                0x000000000000192b                io_out32
                0x0000000000001935                io_load_eflags
                0x0000000000001938                io_store_eflags
                0x000000000000193f                load_gdtr
                0x000000000000194f                load_idtr
                0x000000000000195f                load_cr0
                0x0000000000001963                store_cr0
                0x000000000000196b                load_tr
                0x0000000000001971                asm_inthandler20
                0x0000000000001988                asm_inthandler21
                0x000000000000199f                asm_inthandler27
                0x00000000000019b6                asm_inthandler2c
                0x00000000000019cd                asm_inthandler0c
                0x00000000000019f1                asm_inthandler0d
                0x0000000000001a11                memtest_sub
                0x0000000000001a53                farjmp
                0x0000000000001a58                farcall
                0x0000000000001a5d                asm_hrb_api
                0x0000000000001a7e                start_app
                0x0000000000001aac                asm_end_app
 .text          0x0000000000001ab7        0x0 hankaku.o
 .text          0x0000000000001ab7      0x1a2 mysprintf.o
                0x0000000000001ab7                dec2asc
                0x0000000000001b32                hex2asc
                0x0000000000001bbd                sprintf
 .text          0x0000000000001c59       0xf3 int.o
                0x0000000000001c59                init_pic
                0x0000000000001d34                inthandler27
 .text          0x0000000000001d4c      0x178 fifo.o
                0x0000000000001d4c                fifo32_init
                0x0000000000001d93                fifo32_put
                0x0000000000001e40                fifo32_get
                0x0000000000001eaf                fifo32_status
 .text          0x0000000000001ec4       0xa6 keyboard.o
                0x0000000000001ec4                inthandler21
                0x0000000000001f09                wait_KBC_sendready
                0x0000000000001f29                init_keyboard
 .text          0x0000000000001f6a      0x1d8 mouse.o
                0x0000000000001f6a                inthandler2c
                0x0000000000001fc1                enable_mouse
                0x000000000000200f                mouse_decode
 .text          0x0000000000002142      0x4a3 memory.o
                0x0000000000002142                memtest
                0x00000000000021f1                memman_init
                0x000000000000221e                memman_total
                0x0000000000002256                memman_alloc
                0x000000000000233d                memman_free
                0x000000000000258a                memman_alloc_4k
                0x00000000000025b6                memman_free_4k
 .text          0x00000000000025e5      0xf5b sheet.o
                0x00000000000025e5                shtctl_init
                0x00000000000026c7                sheet_alloc
                0x0000000000002747                sheet_setbuf
                0x0000000000002770                sheet_refreshmap
                0x0000000000002a8a                sheet_refreshsub
                0x0000000000003024                sheet_updown
                0x0000000000003395                sheet_refresh
                0x0000000000003406                sheet_slide
                0x0000000000003519                sheet_free
 .text          0x0000000000003540      0x3b7 timer.o
                0x0000000000003540                init_pit
                0x00000000000035d8                timer_alloc
                0x0000000000003653                timer_free
                0x0000000000003660                timer_init
                0x0000000000003678                timer_settime
                0x0000000000003724                inthandler20
                0x00000000000037cf                timer_cancel
                0x000000000000386b                timer_cancelall
 .text          0x00000000000038f7      0x705 mtask.o
                0x00000000000038f7                task_now
                0x000000000000393d                task_add
                0x000000000000399c                task_remove
                0x0000000000003a6d                task_switchsub
                0x0000000000003ace                task_idle
                0x0000000000003adb                task_init
                0x0000000000003d2b                task_alloc
                0x0000000000003e47                task_run
                0x0000000000003eb8                task_switch
                0x0000000000003fac                task_sleep
 .text          0x0000000000003ffc      0x118 mystrcmp.o
                0x0000000000003ffc                strcmp
                0x0000000000004087                strncmp
 .text          0x0000000000004114      0x2ab file.o
                0x0000000000004114                file_readfat
                0x00000000000041be                file_loadfile
                0x0000000000004262                file_search
 .text          0x00000000000043bf      0x5dc window.o
                0x00000000000043bf                make_window8
                0x0000000000004529                make_wtitle8
                0x0000000000004618                putfonts8_asc_sht
                0x00000000000046b7                make_textbox8
                0x00000000000048b6                change_wtitle8
 .text          0x000000000000499b     0x188f console.o
                0x000000000000499b                console_task
                0x0000000000004d01                cons_putchar
                0x0000000000004e1c                cons_newline
                0x0000000000004f29                cons_runcmd
                0x00000000000050cb                cmd_mem
                0x0000000000005119                cmd_cls
                0x0000000000005195                cmd_dir
                0x00000000000052c0                cons_putstr0
                0x00000000000052f0                cons_putstr1
                0x000000000000532b                cmd_type
                0x00000000000053f6                cmd_exit
                0x0000000000005517                cmd_start
                0x00000000000055ce                cmd_ncst
                0x0000000000005650                cmd_app
                0x0000000000005968                hrb_api
                0x000000000000603e                inthandler0d
                0x00000000000060a2                inthandler0c
                0x0000000000006106                hrb_api_linewin

.data           0x0000000000310000     0x1428 load address 0x000000000000622a
 *(.data)
 .data          0x0000000000310000      0x100 bootpack.o
 .data          0x0000000000310100      0x140 graphic.o
 .data          0x0000000000310240        0x0 dsctbl.o
 .data          0x0000000000310240     0x1000 hankaku.o
                0x0000000000310240                hankaku
 .data          0x0000000000311240        0x0 mysprintf.o
 .data          0x0000000000311240        0x0 int.o
 .data          0x0000000000311240        0x0 fifo.o
 .data          0x0000000000311240        0x0 keyboard.o
 .data          0x0000000000311240        0x0 mouse.o
 .data          0x0000000000311240        0x0 memory.o
 .data          0x0000000000311240        0x0 sheet.o
 .data          0x0000000000311240        0x0 timer.o
 .data          0x0000000000311240        0x0 mtask.o
 .data          0x0000000000311240        0x0 mystrcmp.o
 .data          0x0000000000311240        0x0 file.o
 .data          0x0000000000311240       0xe0 window.o
 .data          0x0000000000311320        0x0 console.o
 *(.rodata*)
 .rodata        0x0000000000311320       0x27 bootpack.o
 *fill*         0x0000000000311347        0x1 
 .rodata        0x0000000000311348       0xe0 console.o
 *(.bss)
 .bss           0x0000000000311428        0x0 bootpack.o
 .bss           0x0000000000311428        0x0 graphic.o
 .bss           0x0000000000311428        0x0 dsctbl.o
 .bss           0x0000000000311428        0x0 hankaku.o
 .bss           0x0000000000311428        0x0 mysprintf.o
 .bss           0x0000000000311428        0x0 int.o
 .bss           0x0000000000311428        0x0 fifo.o
 .bss           0x0000000000311428        0x0 keyboard.o
 .bss           0x0000000000311428        0x0 mouse.o
 .bss           0x0000000000311428        0x0 memory.o
 .bss           0x0000000000311428        0x0 sheet.o
 .bss           0x0000000000311428        0x0 timer.o
 .bss           0x0000000000311428        0x0 mtask.o
 .bss           0x0000000000311428        0x0 mystrcmp.o
 .bss           0x0000000000311428        0x0 file.o
 .bss           0x0000000000311428        0x0 window.o
 .bss           0x0000000000311428        0x0 console.o

/DISCARD/
 *(.eh_frame)
OUTPUT(bootpack.hrb binary)

.comment        0x0000000000000000      0x132
 .comment       0x0000000000000000       0x12 bootpack.o
 .comment       0x0000000000000012       0x12 graphic.o
 .comment       0x0000000000000024       0x12 dsctbl.o
 .comment       0x0000000000000036       0x12 hankaku.o
 .comment       0x0000000000000048       0x12 mysprintf.o
 .comment       0x000000000000005a       0x12 int.o
 .comment       0x000000000000006c       0x12 fifo.o
 .comment       0x000000000000007e       0x12 keyboard.o
 .comment       0x0000000000000090       0x12 mouse.o
 .comment       0x00000000000000a2       0x12 memory.o
 .comment       0x00000000000000b4       0x12 sheet.o
 .comment       0x00000000000000c6       0x12 timer.o
 .comment       0x00000000000000d8       0x12 mtask.o
 .comment       0x00000000000000ea       0x12 mystrcmp.o
 .comment       0x00000000000000fc       0x12 file.o
 .comment       0x000000000000010e       0x12 window.o
 .comment       0x0000000000000120       0x12 console.o

.debug_aranges  0x0000000000000000       0x20
 .debug_aranges
                0x0000000000000000       0x20 naskfunc.o

.debug_pubnames
                0x0000000000000000        0x0
 .debug_pubnames
                0x0000000000000000        0x0 naskfunc.o

.debug_info     0x0000000000000000       0x3e
 .debug_info    0x0000000000000000       0x3e naskfunc.o

.debug_abbrev   0x0000000000000000       0x1b
 .debug_abbrev  0x0000000000000000       0x1b naskfunc.o

.debug_line     0x0000000000000000      0x118
 .debug_line    0x0000000000000000      0x118 naskfunc.o

.debug_frame    0x0000000000000000        0x0
 .debug_frame   0x0000000000000000        0x0 naskfunc.o

.debug_loc      0x0000000000000000        0x0
 .debug_loc     0x0000000000000000        0x0 naskfunc.o

.bss            0x0000000000311440     0x2744 load address 0x0000000000007680
 COMMON         0x0000000000311440        0x8 keyboard.o
                0x0000000000311440                keyfifo
                0x0000000000311444                keydata0
 COMMON         0x0000000000311448        0x8 mouse.o
                0x0000000000311448                mousedata0
                0x000000000031144c                mousefifo
 *fill*         0x0000000000311450       0x10 
 COMMON         0x0000000000311460     0x271c timer.o
                0x0000000000311460                timerctl
 COMMON         0x0000000000313b7c        0x8 mtask.o
                0x0000000000313b7c                taskctl
                0x0000000000313b80                task_timer
