
Allocating common symbols
Common symbol       size              file

mousedata0          0x4               mouse.o
keyfifo             0x4               keyboard.o
taskctl             0x4               mtask.o
timerctl            0x271c            timer.o
mousefifo           0x4               mouse.o
task_timer          0x4               mtask.o
keydata0            0x4               keyboard.o

Discarded input sections

 .eh_frame      0x0000000000000000       0x74 bootpack.o
 .eh_frame      0x0000000000000000      0x124 graphic.o
 .eh_frame      0x0000000000000000       0x78 dsctbl.o
 .eh_frame      0x0000000000000000       0x7c mysprintf.o
 .eh_frame      0x0000000000000000       0x58 int.o
 .eh_frame      0x0000000000000000       0x98 fifo.o
 .eh_frame      0x0000000000000000       0x78 keyboard.o
 .eh_frame      0x0000000000000000       0x78 mouse.o
 .eh_frame      0x0000000000000000      0x104 memory.o
 .eh_frame      0x0000000000000000      0x15c sheet.o
 .eh_frame      0x0000000000000000      0x118 timer.o
 .eh_frame      0x0000000000000000      0x16c mtask.o
 .eh_frame      0x0000000000000000       0x58 mystrcmp.o
 .eh_frame      0x0000000000000000       0x78 file.o
 .eh_frame      0x0000000000000000       0xd0 window.o
 .eh_frame      0x0000000000000000      0x208 console.o

Memory Configuration

Name             Origin             Length             Attributes
*default*        0x0000000000000000 0xffffffffffffffff

Linker script and memory map

LOAD bootpack.o
LOAD graphic.o
LOAD dsctbl.o
LOAD naskfunc.o
LOAD hankaku.o
LOAD mysprintf.o
LOAD int.o
LOAD fifo.o
LOAD keyboard.o
LOAD mouse.o
LOAD memory.o
LOAD sheet.o
LOAD timer.o
LOAD mtask.o
LOAD mystrcmp.o
LOAD file.o
LOAD window.o
LOAD console.o

.head           0x0000000000000000       0x24
                0x0000000000000000        0x4 LONG 0x10000
                0x0000000000000004        0x4 LONG 0x69726148
                0x0000000000000008        0x4 LONG 0x0
                0x000000000000000c        0x4 LONG 0x310000
                0x0000000000000010        0x4 LONG 0x1414 SIZEOF (.data)
                0x0000000000000014        0x4 LONG 0x5649 LOADADDR (.data)
                0x0000000000000018        0x4 LONG 0xe9000000
                0x000000000000001c        0x4 LONG 0x10 (HariMain - 0x20)
                0x0000000000000020        0x4 LONG 0x0

.text           0x0000000000000030     0x5619
 *(.text)
 .text          0x0000000000000030      0xc9f bootpack.o
                0x0000000000000030                HariMain
                0x0000000000000c53                keywin_off
                0x0000000000000c91                keywin_on
 .text          0x0000000000000ccf      0x6f7 graphic.o
                0x0000000000000ccf                init_palette
                0x0000000000000e36                set_palette
                0x0000000000000edc                boxfill8
                0x0000000000000f2b                init_screen8
                0x0000000000001146                putfont8
                0x000000000000123e                putfonts8_asc
                0x000000000000128a                init_mouse_cursor8
                0x000000000000135a                putblock8_8
 .text          0x00000000000013c6      0x261 dsctbl.o
                0x00000000000013c6                init_gdtidt
                0x0000000000001571                set_segmdesc
                0x00000000000015e8                set_gatedesc
 *fill*         0x0000000000001627        0x9 
 .text          0x0000000000001630      0x1c7 naskfunc.o
                0x0000000000001630                io_hlt
                0x0000000000001632                io_cli
                0x0000000000001634                io_sti
                0x0000000000001636                io_stihlt
                0x0000000000001639                io_in8
                0x0000000000001644                io_in16
                0x0000000000001650                io_in32
                0x0000000000001656                io_out8
                0x0000000000001660                io_out16
                0x000000000000166b                io_out32
                0x0000000000001675                io_load_eflags
                0x0000000000001678                io_store_eflags
                0x000000000000167f                load_gdtr
                0x000000000000168f                load_idtr
                0x000000000000169f                load_cr0
                0x00000000000016a3                store_cr0
                0x00000000000016ab                load_tr
                0x00000000000016b1                asm_inthandler20
                0x00000000000016c8                asm_inthandler21
                0x00000000000016df                asm_inthandler27
                0x00000000000016f6                asm_inthandler2c
                0x000000000000170d                asm_inthandler0c
                0x0000000000001731                asm_inthandler0d
                0x0000000000001751                memtest_sub
                0x0000000000001793                farjmp
                0x0000000000001798                farcall
                0x000000000000179d                asm_hrb_api
                0x00000000000017be                start_app
                0x00000000000017ec                asm_end_app
 .text          0x00000000000017f7        0x0 hankaku.o
 .text          0x00000000000017f7      0x1a2 mysprintf.o
                0x00000000000017f7                dec2asc
                0x0000000000001872                hex2asc
                0x00000000000018fd                sprintf
 .text          0x0000000000001999       0xf3 int.o
                0x0000000000001999                init_pic
                0x0000000000001a74                inthandler27
 .text          0x0000000000001a8c      0x178 fifo.o
                0x0000000000001a8c                fifo32_init
                0x0000000000001ad3                fifo32_put
                0x0000000000001b80                fifo32_get
                0x0000000000001bef                fifo32_status
 .text          0x0000000000001c04       0xa6 keyboard.o
                0x0000000000001c04                inthandler21
                0x0000000000001c49                wait_KBC_sendready
                0x0000000000001c69                init_keyboard
 .text          0x0000000000001caa      0x1d8 mouse.o
                0x0000000000001caa                inthandler2c
                0x0000000000001d01                enable_mouse
                0x0000000000001d4f                mouse_decode
 .text          0x0000000000001e82      0x4a3 memory.o
                0x0000000000001e82                memtest
                0x0000000000001f31                memman_init
                0x0000000000001f5e                memman_total
                0x0000000000001f96                memman_alloc
                0x000000000000207d                memman_free
                0x00000000000022ca                memman_alloc_4k
                0x00000000000022f6                memman_free_4k
 .text          0x0000000000002325      0xa5f sheet.o
                0x0000000000002325                shtctl_init
                0x0000000000002407                sheet_alloc
                0x0000000000002487                sheet_setbuf
                0x00000000000024b0                sheet_refreshmap
                0x000000000000267e                sheet_refreshsub
                0x0000000000002868                sheet_updown
                0x0000000000002bd9                sheet_refresh
                0x0000000000002c4a                sheet_slide
                0x0000000000002d5d                sheet_free
 .text          0x0000000000002d84      0x3b7 timer.o
                0x0000000000002d84                init_pit
                0x0000000000002e1c                timer_alloc
                0x0000000000002e97                timer_free
                0x0000000000002ea4                timer_init
                0x0000000000002ebc                timer_settime
                0x0000000000002f68                inthandler20
                0x0000000000003013                timer_cancel
                0x00000000000030af                timer_cancelall
 .text          0x000000000000313b      0x6af mtask.o
                0x000000000000313b                task_now
                0x0000000000003181                task_add
                0x00000000000031e0                task_remove
                0x00000000000032b1                task_switchsub
                0x0000000000003312                task_idle
                0x000000000000331f                task_init
                0x0000000000003504                task_alloc
                0x0000000000003635                task_run
                0x00000000000036a6                task_switch
                0x000000000000379a                task_sleep
 .text          0x00000000000037ea      0x118 mystrcmp.o
                0x00000000000037ea                strcmp
                0x0000000000003875                strncmp
 .text          0x0000000000003902      0x2ab file.o
                0x0000000000003902                file_readfat
                0x00000000000039ac                file_loadfile
                0x0000000000003a50                file_search
 .text          0x0000000000003bad      0x5dc window.o
                0x0000000000003bad                make_window8
                0x0000000000003d17                make_wtitle8
                0x0000000000003e06                putfonts8_asc_sht
                0x0000000000003ea5                make_textbox8
                0x00000000000040a4                change_wtitle8
 .text          0x0000000000004189     0x14c0 console.o
                0x0000000000004189                console_task
                0x0000000000004494                cons_putchar
                0x0000000000004599                cons_newline
                0x000000000000469c                cons_runcmd
                0x0000000000004787                cmd_mem
                0x00000000000047d5                cmd_cls
                0x0000000000004851                cmd_dir
                0x000000000000497c                cons_putstr0
                0x00000000000049ac                cons_putstr1
                0x00000000000049e7                cmd_type
                0x0000000000004ab2                cmd_app
                0x0000000000004e0f                hrb_api
                0x000000000000545d                inthandler0d
                0x00000000000054c1                inthandler0c
                0x0000000000005525                hrb_api_linewin

.data           0x0000000000310000     0x1414 load address 0x0000000000005649
 *(.data)
 .data          0x0000000000310000      0x100 bootpack.o
 .data          0x0000000000310100      0x140 graphic.o
 .data          0x0000000000310240        0x0 dsctbl.o
 .data          0x0000000000310240     0x1000 hankaku.o
                0x0000000000310240                hankaku
 .data          0x0000000000311240        0x0 mysprintf.o
 .data          0x0000000000311240        0x0 int.o
 .data          0x0000000000311240        0x0 fifo.o
 .data          0x0000000000311240        0x0 keyboard.o
 .data          0x0000000000311240        0x0 mouse.o
 .data          0x0000000000311240        0x0 memory.o
 .data          0x0000000000311240        0x0 sheet.o
 .data          0x0000000000311240        0x0 timer.o
 .data          0x0000000000311240        0x0 mtask.o
 .data          0x0000000000311240        0x0 mystrcmp.o
 .data          0x0000000000311240        0x0 file.o
 .data          0x0000000000311240       0xe0 window.o
 .data          0x0000000000311320        0x0 console.o
 *(.rodata*)
 .rodata        0x0000000000311320       0x27 bootpack.o
 *fill*         0x0000000000311347        0x1 
 .rodata        0x0000000000311348       0xcc console.o
 *(.bss)
 .bss           0x0000000000311414        0x0 bootpack.o
 .bss           0x0000000000311414        0x0 graphic.o
 .bss           0x0000000000311414        0x0 dsctbl.o
 .bss           0x0000000000311414        0x0 hankaku.o
 .bss           0x0000000000311414        0x0 mysprintf.o
 .bss           0x0000000000311414        0x0 int.o
 .bss           0x0000000000311414        0x0 fifo.o
 .bss           0x0000000000311414        0x0 keyboard.o
 .bss           0x0000000000311414        0x0 mouse.o
 .bss           0x0000000000311414        0x0 memory.o
 .bss           0x0000000000311414        0x0 sheet.o
 .bss           0x0000000000311414        0x0 timer.o
 .bss           0x0000000000311414        0x0 mtask.o
 .bss           0x0000000000311414        0x0 mystrcmp.o
 .bss           0x0000000000311414        0x0 file.o
 .bss           0x0000000000311414        0x0 window.o
 .bss           0x0000000000311414        0x0 console.o

/DISCARD/
 *(.eh_frame)
OUTPUT(bootpack.hrb binary)

.comment        0x0000000000000000      0x132
 .comment       0x0000000000000000       0x12 bootpack.o
 .comment       0x0000000000000012       0x12 graphic.o
 .comment       0x0000000000000024       0x12 dsctbl.o
 .comment       0x0000000000000036       0x12 hankaku.o
 .comment       0x0000000000000048       0x12 mysprintf.o
 .comment       0x000000000000005a       0x12 int.o
 .comment       0x000000000000006c       0x12 fifo.o
 .comment       0x000000000000007e       0x12 keyboard.o
 .comment       0x0000000000000090       0x12 mouse.o
 .comment       0x00000000000000a2       0x12 memory.o
 .comment       0x00000000000000b4       0x12 sheet.o
 .comment       0x00000000000000c6       0x12 timer.o
 .comment       0x00000000000000d8       0x12 mtask.o
 .comment       0x00000000000000ea       0x12 mystrcmp.o
 .comment       0x00000000000000fc       0x12 file.o
 .comment       0x000000000000010e       0x12 window.o
 .comment       0x0000000000000120       0x12 console.o

.debug_aranges  0x0000000000000000       0x20
 .debug_aranges
                0x0000000000000000       0x20 naskfunc.o

.debug_pubnames
                0x0000000000000000        0x0
 .debug_pubnames
                0x0000000000000000        0x0 naskfunc.o

.debug_info     0x0000000000000000       0x3e
 .debug_info    0x0000000000000000       0x3e naskfunc.o

.debug_abbrev   0x0000000000000000       0x1b
 .debug_abbrev  0x0000000000000000       0x1b naskfunc.o

.debug_line     0x0000000000000000      0x118
 .debug_line    0x0000000000000000      0x118 naskfunc.o

.debug_frame    0x0000000000000000        0x0
 .debug_frame   0x0000000000000000        0x0 naskfunc.o

.debug_loc      0x0000000000000000        0x0
 .debug_loc     0x0000000000000000        0x0 naskfunc.o

.bss            0x0000000000311420     0x2744 load address 0x0000000000006a80
 COMMON         0x0000000000311420        0x8 keyboard.o
                0x0000000000311420                keyfifo
                0x0000000000311424                keydata0
 COMMON         0x0000000000311428        0x8 mouse.o
                0x0000000000311428                mousedata0
                0x000000000031142c                mousefifo
 *fill*         0x0000000000311430       0x10 
 COMMON         0x0000000000311440     0x271c timer.o
                0x0000000000311440                timerctl
 COMMON         0x0000000000313b5c        0x8 mtask.o
                0x0000000000313b5c                taskctl
                0x0000000000313b60                task_timer
