
Allocating common symbols
Common symbol       size              file

mousedata0          0x4               mouse.o
keyfifo             0x4               keyboard.o
taskctl             0x4               mtask.o
timerctl            0x271c            timer.o
mousefifo           0x4               mouse.o
task_timer          0x4               mtask.o
keydata0            0x4               keyboard.o

Discarded input sections

 .eh_frame      0x0000000000000000       0x34 bootpack.o
 .eh_frame      0x0000000000000000      0x120 graphic.o
 .eh_frame      0x0000000000000000       0x78 dsctbl.o
 .eh_frame      0x0000000000000000       0x7c mysprintf.o
 .eh_frame      0x0000000000000000       0x58 int.o
 .eh_frame      0x0000000000000000       0x98 fifo.o
 .eh_frame      0x0000000000000000       0x78 keyboard.o
 .eh_frame      0x0000000000000000       0x78 mouse.o
 .eh_frame      0x0000000000000000      0x104 memory.o
 .eh_frame      0x0000000000000000      0x15c sheet.o
 .eh_frame      0x0000000000000000       0xd8 timer.o
 .eh_frame      0x0000000000000000      0x16c mtask.o
 .eh_frame      0x0000000000000000       0x58 mystrcmp.o
 .eh_frame      0x0000000000000000       0x78 file.o
 .eh_frame      0x0000000000000000       0xb0 window.o
 .eh_frame      0x0000000000000000      0x204 console.o

Memory Configuration

Name             Origin             Length             Attributes
*default*        0x0000000000000000 0xffffffffffffffff

Linker script and memory map

LOAD bootpack.o
LOAD graphic.o
LOAD dsctbl.o
LOAD naskfunc.o
LOAD hankaku.o
LOAD mysprintf.o
LOAD int.o
LOAD fifo.o
LOAD keyboard.o
LOAD mouse.o
LOAD memory.o
LOAD sheet.o
LOAD timer.o
LOAD mtask.o
LOAD mystrcmp.o
LOAD file.o
LOAD window.o
LOAD console.o

.head           0x0000000000000000       0x24
                0x0000000000000000        0x4 LONG 0x10000
                0x0000000000000004        0x4 LONG 0x69726148
                0x0000000000000008        0x4 LONG 0x0
                0x000000000000000c        0x4 LONG 0x310000
                0x0000000000000010        0x4 LONG 0x141c SIZEOF (.data)
                0x0000000000000014        0x4 LONG 0x52d5 LOADADDR (.data)
                0x0000000000000018        0x4 LONG 0xe9000000
                0x000000000000001c        0x4 LONG 0x10 (HariMain - 0x20)
                0x0000000000000020        0x4 LONG 0x0

.text           0x0000000000000030     0x52a5
 *(.text)
 .text          0x0000000000000030      0xd95 bootpack.o
                0x0000000000000030                HariMain
 .text          0x0000000000000dc5      0x5ad graphic.o
                0x0000000000000dc5                init_palette
                0x0000000000000de2                set_palette
                0x0000000000000e88                boxfill8
                0x0000000000000ed7                init_screen8
                0x00000000000010f2                putfont8
                0x00000000000011ea                putfonts8_asc
                0x0000000000001236                init_mouse_cursor8
                0x0000000000001306                putblock8_8
 .text          0x0000000000001372      0x261 dsctbl.o
                0x0000000000001372                init_gdtidt
                0x000000000000151d                set_segmdesc
                0x0000000000001594                set_gatedesc
 *fill*         0x00000000000015d3        0xd 
 .text          0x00000000000015e0      0x1c7 naskfunc.o
                0x00000000000015e0                io_hlt
                0x00000000000015e2                io_cli
                0x00000000000015e4                io_sti
                0x00000000000015e6                io_stihlt
                0x00000000000015e9                io_in8
                0x00000000000015f4                io_in16
                0x0000000000001600                io_in32
                0x0000000000001606                io_out8
                0x0000000000001610                io_out16
                0x000000000000161b                io_out32
                0x0000000000001625                io_load_eflags
                0x0000000000001628                io_store_eflags
                0x000000000000162f                load_gdtr
                0x000000000000163f                load_idtr
                0x000000000000164f                load_cr0
                0x0000000000001653                store_cr0
                0x000000000000165b                load_tr
                0x0000000000001661                asm_inthandler20
                0x0000000000001678                asm_inthandler21
                0x000000000000168f                asm_inthandler27
                0x00000000000016a6                asm_inthandler2c
                0x00000000000016bd                asm_inthandler0c
                0x00000000000016e1                asm_inthandler0d
                0x0000000000001701                memtest_sub
                0x0000000000001743                farjmp
                0x0000000000001748                farcall
                0x000000000000174d                asm_hrb_api
                0x000000000000176e                start_app
                0x000000000000179c                asm_end_app
 .text          0x00000000000017a7        0x0 hankaku.o
 .text          0x00000000000017a7      0x1a2 mysprintf.o
                0x00000000000017a7                dec2asc
                0x0000000000001822                hex2asc
                0x00000000000018ad                sprintf
 .text          0x0000000000001949       0xf3 int.o
                0x0000000000001949                init_pic
                0x0000000000001a24                inthandler27
 .text          0x0000000000001a3c      0x178 fifo.o
                0x0000000000001a3c                fifo32_init
                0x0000000000001a83                fifo32_put
                0x0000000000001b30                fifo32_get
                0x0000000000001b9f                fifo32_status
 .text          0x0000000000001bb4       0xa6 keyboard.o
                0x0000000000001bb4                inthandler21
                0x0000000000001bf9                wait_KBC_sendready
                0x0000000000001c19                init_keyboard
 .text          0x0000000000001c5a      0x1d8 mouse.o
                0x0000000000001c5a                inthandler2c
                0x0000000000001cb1                enable_mouse
                0x0000000000001cff                mouse_decode
 .text          0x0000000000001e32      0x4a3 memory.o
                0x0000000000001e32                memtest
                0x0000000000001ee1                memman_init
                0x0000000000001f0e                memman_total
                0x0000000000001f46                memman_alloc
                0x000000000000202d                memman_free
                0x000000000000227a                memman_alloc_4k
                0x00000000000022a6                memman_free_4k
 .text          0x00000000000022d5      0xa5f sheet.o
                0x00000000000022d5                shtctl_init
                0x00000000000023b7                sheet_alloc
                0x0000000000002437                sheet_setbuf
                0x0000000000002460                sheet_refreshmap
                0x000000000000262e                sheet_refreshsub
                0x0000000000002818                sheet_updown
                0x0000000000002b89                sheet_refresh
                0x0000000000002bfa                sheet_slide
                0x0000000000002d0d                sheet_free
 .text          0x0000000000002d34      0x28c timer.o
                0x0000000000002d34                init_pit
                0x0000000000002dd2                timer_alloc
                0x0000000000002e3b                timer_free
                0x0000000000002e4b                timer_init
                0x0000000000002e63                timer_settime
                0x0000000000002f12                inthandler20
 .text          0x0000000000002fc0      0x6a0 mtask.o
                0x0000000000002fc0                task_now
                0x0000000000003006                task_add
                0x0000000000003065                task_remove
                0x0000000000003136                task_switchsub
                0x0000000000003197                task_idle
                0x00000000000031a4                task_init
                0x0000000000003380                task_alloc
                0x00000000000034ab                task_run
                0x000000000000351c                task_switch
                0x0000000000003610                task_sleep
 .text          0x0000000000003660      0x118 mystrcmp.o
                0x0000000000003660                strcmp
                0x00000000000036eb                strncmp
 .text          0x0000000000003778      0x2ab file.o
                0x0000000000003778                file_readfat
                0x0000000000003822                file_loadfile
                0x00000000000038c6                file_search
 .text          0x0000000000003a23      0x4f7 window.o
                0x0000000000003a23                make_window8
                0x0000000000003b8d                make_wtitle8
                0x0000000000003c7c                putfonts8_asc_sht
                0x0000000000003d1b                make_textbox8
 .text          0x0000000000003f1a     0x13bb console.o
                0x0000000000003f1a                console_task
                0x00000000000042d7                cons_putchar
                0x00000000000043dc                cons_newline
                0x00000000000044df                cons_runcmd
                0x00000000000045ca                cmd_mem
                0x0000000000004618                cmd_cls
                0x0000000000004694                cmd_dir
                0x00000000000047bf                cons_putstr0
                0x00000000000047ef                cons_putstr1
                0x000000000000482a                cmd_type
                0x00000000000048f5                cmd_app
                0x0000000000004bfb                hrb_api
                0x00000000000050ed                inthandler0d
                0x000000000000514f                inthandler0c
                0x00000000000051b1                hrb_api_linewin

.data           0x0000000000310000     0x141c load address 0x00000000000052d5
 *(.data)
 .data          0x0000000000310000      0x100 bootpack.o
 .data          0x0000000000310100      0x140 graphic.o
 .data          0x0000000000310240        0x0 dsctbl.o
 .data          0x0000000000310240     0x1000 hankaku.o
                0x0000000000310240                hankaku
 .data          0x0000000000311240        0x0 mysprintf.o
 .data          0x0000000000311240        0x0 int.o
 .data          0x0000000000311240        0x0 fifo.o
 .data          0x0000000000311240        0x0 keyboard.o
 .data          0x0000000000311240        0x0 mouse.o
 .data          0x0000000000311240        0x0 memory.o
 .data          0x0000000000311240        0x0 sheet.o
 .data          0x0000000000311240        0x0 timer.o
 .data          0x0000000000311240        0x0 mtask.o
 .data          0x0000000000311240        0x0 mystrcmp.o
 .data          0x0000000000311240        0x0 file.o
 .data          0x0000000000311240       0xe0 window.o
 .data          0x0000000000311320        0x0 console.o
 *(.rodata*)
 .rodata        0x0000000000311320       0x30 bootpack.o
 .rodata        0x0000000000311350       0xcc console.o
 *(.bss)
 .bss           0x000000000031141c        0x0 bootpack.o
 .bss           0x000000000031141c        0x0 graphic.o
 .bss           0x000000000031141c        0x0 dsctbl.o
 .bss           0x000000000031141c        0x0 hankaku.o
 .bss           0x000000000031141c        0x0 mysprintf.o
 .bss           0x000000000031141c        0x0 int.o
 .bss           0x000000000031141c        0x0 fifo.o
 .bss           0x000000000031141c        0x0 keyboard.o
 .bss           0x000000000031141c        0x0 mouse.o
 .bss           0x000000000031141c        0x0 memory.o
 .bss           0x000000000031141c        0x0 sheet.o
 .bss           0x000000000031141c        0x0 timer.o
 .bss           0x000000000031141c        0x0 mtask.o
 .bss           0x000000000031141c        0x0 mystrcmp.o
 .bss           0x000000000031141c        0x0 file.o
 .bss           0x000000000031141c        0x0 window.o
 .bss           0x000000000031141c        0x0 console.o

/DISCARD/
 *(.eh_frame)
OUTPUT(bootpack.hrb binary)

.comment        0x0000000000000000      0x132
 .comment       0x0000000000000000       0x12 bootpack.o
 .comment       0x0000000000000012       0x12 graphic.o
 .comment       0x0000000000000024       0x12 dsctbl.o
 .comment       0x0000000000000036       0x12 hankaku.o
 .comment       0x0000000000000048       0x12 mysprintf.o
 .comment       0x000000000000005a       0x12 int.o
 .comment       0x000000000000006c       0x12 fifo.o
 .comment       0x000000000000007e       0x12 keyboard.o
 .comment       0x0000000000000090       0x12 mouse.o
 .comment       0x00000000000000a2       0x12 memory.o
 .comment       0x00000000000000b4       0x12 sheet.o
 .comment       0x00000000000000c6       0x12 timer.o
 .comment       0x00000000000000d8       0x12 mtask.o
 .comment       0x00000000000000ea       0x12 mystrcmp.o
 .comment       0x00000000000000fc       0x12 file.o
 .comment       0x000000000000010e       0x12 window.o
 .comment       0x0000000000000120       0x12 console.o

.debug_aranges  0x0000000000000000       0x20
 .debug_aranges
                0x0000000000000000       0x20 naskfunc.o

.debug_pubnames
                0x0000000000000000        0x0
 .debug_pubnames
                0x0000000000000000        0x0 naskfunc.o

.debug_info     0x0000000000000000       0x3e
 .debug_info    0x0000000000000000       0x3e naskfunc.o

.debug_abbrev   0x0000000000000000       0x1b
 .debug_abbrev  0x0000000000000000       0x1b naskfunc.o

.debug_line     0x0000000000000000      0x118
 .debug_line    0x0000000000000000      0x118 naskfunc.o

.debug_frame    0x0000000000000000        0x0
 .debug_frame   0x0000000000000000        0x0 naskfunc.o

.debug_loc      0x0000000000000000        0x0
 .debug_loc     0x0000000000000000        0x0 naskfunc.o

.bss            0x0000000000311420     0x2744 load address 0x0000000000006700
 COMMON         0x0000000000311420        0x8 keyboard.o
                0x0000000000311420                keyfifo
                0x0000000000311424                keydata0
 COMMON         0x0000000000311428        0x8 mouse.o
                0x0000000000311428                mousedata0
                0x000000000031142c                mousefifo
 *fill*         0x0000000000311430       0x10 
 COMMON         0x0000000000311440     0x271c timer.o
                0x0000000000311440                timerctl
 COMMON         0x0000000000313b5c        0x8 mtask.o
                0x0000000000313b5c                taskctl
                0x0000000000313b60                task_timer
