
Allocating common symbols
Common symbol       size              file

mousedata0          0x4               mouse.o
keyfifo             0x4               keyboard.o
taskctl             0x4               mtask.o
timerctl            0x271c            timer.o
mousefifo           0x4               mouse.o
task_timer          0x4               mtask.o
keydata0            0x4               keyboard.o

Discarded input sections

 .eh_frame      0x0000000000000000       0xf4 bootpack.o
 .eh_frame      0x0000000000000000      0x124 graphic.o
 .eh_frame      0x0000000000000000       0x78 dsctbl.o
 .eh_frame      0x0000000000000000       0x7c mysprintf.o
 .eh_frame      0x0000000000000000       0x58 int.o
 .eh_frame      0x0000000000000000       0x98 fifo.o
 .eh_frame      0x0000000000000000       0x78 keyboard.o
 .eh_frame      0x0000000000000000       0x78 mouse.o
 .eh_frame      0x0000000000000000      0x104 memory.o
 .eh_frame      0x0000000000000000      0x15c sheet.o
 .eh_frame      0x0000000000000000      0x118 timer.o
 .eh_frame      0x0000000000000000      0x16c mtask.o
 .eh_frame      0x0000000000000000       0x58 mystrcmp.o
 .eh_frame      0x0000000000000000       0x78 file.o
 .eh_frame      0x0000000000000000       0xd0 window.o
 .eh_frame      0x0000000000000000      0x264 console.o

Memory Configuration

Name             Origin             Length             Attributes
*default*        0x0000000000000000 0xffffffffffffffff

Linker script and memory map

LOAD bootpack.o
LOAD graphic.o
LOAD dsctbl.o
LOAD naskfunc.o
LOAD hankaku.o
LOAD mysprintf.o
LOAD int.o
LOAD fifo.o
LOAD keyboard.o
LOAD mouse.o
LOAD memory.o
LOAD sheet.o
LOAD timer.o
LOAD mtask.o
LOAD mystrcmp.o
LOAD file.o
LOAD window.o
LOAD console.o

.head           0x0000000000000000       0x24
                0x0000000000000000        0x4 LONG 0x10000
                0x0000000000000004        0x4 LONG 0x69726148
                0x0000000000000008        0x4 LONG 0x0
                0x000000000000000c        0x4 LONG 0x310000
                0x0000000000000010        0x4 LONG 0x1420 SIZEOF (.data)
                0x0000000000000014        0x4 LONG 0x6657 LOADADDR (.data)
                0x0000000000000018        0x4 LONG 0xe9000000
                0x000000000000001c        0x4 LONG 0x10 (HariMain - 0x20)
                0x0000000000000020        0x4 LONG 0x0

.text           0x0000000000000030     0x6627
 *(.text)
 .text          0x0000000000000030      0xf6d bootpack.o
                0x0000000000000030                HariMain
                0x0000000000000cba                keywin_off
                0x0000000000000cf8                keywin_on
                0x0000000000000d36                open_constask
                0x0000000000000e35                open_console
                0x0000000000000ef0                close_constask
                0x0000000000000f4f                close_console
 .text          0x0000000000000f9d      0x6f7 graphic.o
                0x0000000000000f9d                init_palette
                0x0000000000001104                set_palette
                0x00000000000011aa                boxfill8
                0x00000000000011f9                init_screen8
                0x0000000000001414                putfont8
                0x000000000000150c                putfonts8_asc
                0x0000000000001558                init_mouse_cursor8
                0x0000000000001628                putblock8_8
 .text          0x0000000000001694      0x261 dsctbl.o
                0x0000000000001694                init_gdtidt
                0x000000000000183f                set_segmdesc
                0x00000000000018b6                set_gatedesc
 *fill*         0x00000000000018f5        0xb 
 .text          0x0000000000001900      0x1c7 naskfunc.o
                0x0000000000001900                io_hlt
                0x0000000000001902                io_cli
                0x0000000000001904                io_sti
                0x0000000000001906                io_stihlt
                0x0000000000001909                io_in8
                0x0000000000001914                io_in16
                0x0000000000001920                io_in32
                0x0000000000001926                io_out8
                0x0000000000001930                io_out16
                0x000000000000193b                io_out32
                0x0000000000001945                io_load_eflags
                0x0000000000001948                io_store_eflags
                0x000000000000194f                load_gdtr
                0x000000000000195f                load_idtr
                0x000000000000196f                load_cr0
                0x0000000000001973                store_cr0
                0x000000000000197b                load_tr
                0x0000000000001981                asm_inthandler20
                0x0000000000001998                asm_inthandler21
                0x00000000000019af                asm_inthandler27
                0x00000000000019c6                asm_inthandler2c
                0x00000000000019dd                asm_inthandler0c
                0x0000000000001a01                asm_inthandler0d
                0x0000000000001a21                memtest_sub
                0x0000000000001a63                farjmp
                0x0000000000001a68                farcall
                0x0000000000001a6d                asm_hrb_api
                0x0000000000001a8e                start_app
                0x0000000000001abc                asm_end_app
 .text          0x0000000000001ac7        0x0 hankaku.o
 .text          0x0000000000001ac7      0x1a2 mysprintf.o
                0x0000000000001ac7                dec2asc
                0x0000000000001b42                hex2asc
                0x0000000000001bcd                sprintf
 .text          0x0000000000001c69       0xf3 int.o
                0x0000000000001c69                init_pic
                0x0000000000001d44                inthandler27
 .text          0x0000000000001d5c      0x178 fifo.o
                0x0000000000001d5c                fifo32_init
                0x0000000000001da3                fifo32_put
                0x0000000000001e50                fifo32_get
                0x0000000000001ebf                fifo32_status
 .text          0x0000000000001ed4       0xa6 keyboard.o
                0x0000000000001ed4                inthandler21
                0x0000000000001f19                wait_KBC_sendready
                0x0000000000001f39                init_keyboard
 .text          0x0000000000001f7a      0x1d8 mouse.o
                0x0000000000001f7a                inthandler2c
                0x0000000000001fd1                enable_mouse
                0x000000000000201f                mouse_decode
 .text          0x0000000000002152      0x4a3 memory.o
                0x0000000000002152                memtest
                0x0000000000002201                memman_init
                0x000000000000222e                memman_total
                0x0000000000002266                memman_alloc
                0x000000000000234d                memman_free
                0x000000000000259a                memman_alloc_4k
                0x00000000000025c6                memman_free_4k
 .text          0x00000000000025f5      0xf5b sheet.o
                0x00000000000025f5                shtctl_init
                0x00000000000026d7                sheet_alloc
                0x0000000000002757                sheet_setbuf
                0x0000000000002780                sheet_refreshmap
                0x0000000000002a9a                sheet_refreshsub
                0x0000000000003034                sheet_updown
                0x00000000000033a5                sheet_refresh
                0x0000000000003416                sheet_slide
                0x0000000000003529                sheet_free
 .text          0x0000000000003550      0x3b7 timer.o
                0x0000000000003550                init_pit
                0x00000000000035e8                timer_alloc
                0x0000000000003663                timer_free
                0x0000000000003670                timer_init
                0x0000000000003688                timer_settime
                0x0000000000003734                inthandler20
                0x00000000000037df                timer_cancel
                0x000000000000387b                timer_cancelall
 .text          0x0000000000003907      0x721 mtask.o
                0x0000000000003907                task_now
                0x000000000000394d                task_add
                0x00000000000039ac                task_remove
                0x0000000000003a7d                task_switchsub
                0x0000000000003ade                task_idle
                0x0000000000003aeb                task_init
                0x0000000000003d4f                task_alloc
                0x0000000000003e73                task_run
                0x0000000000003ee4                task_switch
                0x0000000000003fd8                task_sleep
 .text          0x0000000000004028      0x118 mystrcmp.o
                0x0000000000004028                strcmp
                0x00000000000040b3                strncmp
 .text          0x0000000000004140      0x2ab file.o
                0x0000000000004140                file_readfat
                0x00000000000041ea                file_loadfile
                0x000000000000428e                file_search
 .text          0x00000000000043eb      0x5dc window.o
                0x00000000000043eb                make_window8
                0x0000000000004555                make_wtitle8
                0x0000000000004644                putfonts8_asc_sht
                0x00000000000046e3                make_textbox8
                0x00000000000048e2                change_wtitle8
 .text          0x00000000000049c7     0x1c90 console.o
                0x00000000000049c7                console_task
                0x0000000000004da1                cons_putchar
                0x0000000000004ebc                cons_newline
                0x0000000000004fc9                cons_runcmd
                0x0000000000005130                cmd_mem
                0x000000000000517e                cmd_cls
                0x00000000000051fa                cmd_dir
                0x0000000000005325                cons_putstr0
                0x0000000000005355                cons_putstr1
                0x0000000000005390                cmd_type
                0x000000000000545b                cmd_exit
                0x0000000000005598                cmd_start
                0x000000000000564f                cmd_ncst
                0x00000000000056d1                cmd_app
                0x0000000000005a88                hrb_api
                0x000000000000646b                inthandler0d
                0x00000000000064cf                inthandler0c
                0x0000000000006533                hrb_api_linewin

.data           0x0000000000310000     0x1420 load address 0x0000000000006657
 *(.data)
 .data          0x0000000000310000      0x100 bootpack.o
 .data          0x0000000000310100      0x140 graphic.o
 .data          0x0000000000310240        0x0 dsctbl.o
 .data          0x0000000000310240     0x1000 hankaku.o
                0x0000000000310240                hankaku
 .data          0x0000000000311240        0x0 mysprintf.o
 .data          0x0000000000311240        0x0 int.o
 .data          0x0000000000311240        0x0 fifo.o
 .data          0x0000000000311240        0x0 keyboard.o
 .data          0x0000000000311240        0x0 mouse.o
 .data          0x0000000000311240        0x0 memory.o
 .data          0x0000000000311240        0x0 sheet.o
 .data          0x0000000000311240        0x0 timer.o
 .data          0x0000000000311240        0x0 mtask.o
 .data          0x0000000000311240        0x0 mystrcmp.o
 .data          0x0000000000311240        0x0 file.o
 .data          0x0000000000311240       0xe0 window.o
 .data          0x0000000000311320        0x0 console.o
 *(.rodata*)
 .rodata        0x0000000000311320       0x27 bootpack.o
 *fill*         0x0000000000311347        0x1 
 .rodata        0x0000000000311348       0xd8 console.o
 *(.bss)
 .bss           0x0000000000311420        0x0 bootpack.o
 .bss           0x0000000000311420        0x0 graphic.o
 .bss           0x0000000000311420        0x0 dsctbl.o
 .bss           0x0000000000311420        0x0 hankaku.o
 .bss           0x0000000000311420        0x0 mysprintf.o
 .bss           0x0000000000311420        0x0 int.o
 .bss           0x0000000000311420        0x0 fifo.o
 .bss           0x0000000000311420        0x0 keyboard.o
 .bss           0x0000000000311420        0x0 mouse.o
 .bss           0x0000000000311420        0x0 memory.o
 .bss           0x0000000000311420        0x0 sheet.o
 .bss           0x0000000000311420        0x0 timer.o
 .bss           0x0000000000311420        0x0 mtask.o
 .bss           0x0000000000311420        0x0 mystrcmp.o
 .bss           0x0000000000311420        0x0 file.o
 .bss           0x0000000000311420        0x0 window.o
 .bss           0x0000000000311420        0x0 console.o

/DISCARD/
 *(.eh_frame)
OUTPUT(bootpack.hrb binary)

.comment        0x0000000000000000      0x132
 .comment       0x0000000000000000       0x12 bootpack.o
 .comment       0x0000000000000012       0x12 graphic.o
 .comment       0x0000000000000024       0x12 dsctbl.o
 .comment       0x0000000000000036       0x12 hankaku.o
 .comment       0x0000000000000048       0x12 mysprintf.o
 .comment       0x000000000000005a       0x12 int.o
 .comment       0x000000000000006c       0x12 fifo.o
 .comment       0x000000000000007e       0x12 keyboard.o
 .comment       0x0000000000000090       0x12 mouse.o
 .comment       0x00000000000000a2       0x12 memory.o
 .comment       0x00000000000000b4       0x12 sheet.o
 .comment       0x00000000000000c6       0x12 timer.o
 .comment       0x00000000000000d8       0x12 mtask.o
 .comment       0x00000000000000ea       0x12 mystrcmp.o
 .comment       0x00000000000000fc       0x12 file.o
 .comment       0x000000000000010e       0x12 window.o
 .comment       0x0000000000000120       0x12 console.o

.debug_aranges  0x0000000000000000       0x20
 .debug_aranges
                0x0000000000000000       0x20 naskfunc.o

.debug_pubnames
                0x0000000000000000        0x0
 .debug_pubnames
                0x0000000000000000        0x0 naskfunc.o

.debug_info     0x0000000000000000       0x3e
 .debug_info    0x0000000000000000       0x3e naskfunc.o

.debug_abbrev   0x0000000000000000       0x1b
 .debug_abbrev  0x0000000000000000       0x1b naskfunc.o

.debug_line     0x0000000000000000      0x118
 .debug_line    0x0000000000000000      0x118 naskfunc.o

.debug_frame    0x0000000000000000        0x0
 .debug_frame   0x0000000000000000        0x0 naskfunc.o

.debug_loc      0x0000000000000000        0x0
 .debug_loc     0x0000000000000000        0x0 naskfunc.o

.bss            0x0000000000311420     0x2744 load address 0x0000000000007a80
 COMMON         0x0000000000311420        0x8 keyboard.o
                0x0000000000311420                keyfifo
                0x0000000000311424                keydata0
 COMMON         0x0000000000311428        0x8 mouse.o
                0x0000000000311428                mousedata0
                0x000000000031142c                mousefifo
 *fill*         0x0000000000311430       0x10 
 COMMON         0x0000000000311440     0x271c timer.o
                0x0000000000311440                timerctl
 COMMON         0x0000000000313b5c        0x8 mtask.o
                0x0000000000313b5c                taskctl
                0x0000000000313b60                task_timer
