
Allocating common symbols
Common symbol       size              file

mousedata0          0x4               mouse.o
keyfifo             0x4               keyboard.o
taskctl             0x4               mtask.o
timerctl            0x271c            timer.o
mousefifo           0x4               mouse.o
task_timer          0x4               mtask.o
keydata0            0x4               keyboard.o

Discarded input sections

 .eh_frame      0x0000000000000000       0x74 bootpack.o
 .eh_frame      0x0000000000000000      0x120 graphic.o
 .eh_frame      0x0000000000000000       0x78 dsctbl.o
 .eh_frame      0x0000000000000000       0x7c mysprintf.o
 .eh_frame      0x0000000000000000       0x58 int.o
 .eh_frame      0x0000000000000000       0x98 fifo.o
 .eh_frame      0x0000000000000000       0x78 keyboard.o
 .eh_frame      0x0000000000000000       0x78 mouse.o
 .eh_frame      0x0000000000000000      0x104 memory.o
 .eh_frame      0x0000000000000000      0x15c sheet.o
 .eh_frame      0x0000000000000000       0xd8 timer.o
 .eh_frame      0x0000000000000000      0x16c mtask.o
 .eh_frame      0x0000000000000000       0x58 mystrcmp.o
 .eh_frame      0x0000000000000000       0x78 file.o
 .eh_frame      0x0000000000000000       0xd0 window.o
 .eh_frame      0x0000000000000000      0x204 console.o

Memory Configuration

Name             Origin             Length             Attributes
*default*        0x0000000000000000 0xffffffffffffffff

Linker script and memory map

LOAD bootpack.o
LOAD graphic.o
LOAD dsctbl.o
LOAD naskfunc.o
LOAD hankaku.o
LOAD mysprintf.o
LOAD int.o
LOAD fifo.o
LOAD keyboard.o
LOAD mouse.o
LOAD memory.o
LOAD sheet.o
LOAD timer.o
LOAD mtask.o
LOAD mystrcmp.o
LOAD file.o
LOAD window.o
LOAD console.o

.head           0x0000000000000000       0x24
                0x0000000000000000        0x4 LONG 0x10000
                0x0000000000000004        0x4 LONG 0x69726148
                0x0000000000000008        0x4 LONG 0x0
                0x000000000000000c        0x4 LONG 0x310000
                0x0000000000000010        0x4 LONG 0x141c SIZEOF (.data)
                0x0000000000000014        0x4 LONG 0x54bf LOADADDR (.data)
                0x0000000000000018        0x4 LONG 0xe9000000
                0x000000000000001c        0x4 LONG 0x10 (HariMain - 0x20)
                0x0000000000000020        0x4 LONG 0x0

.text           0x0000000000000030     0x548f
 *(.text)
 .text          0x0000000000000030      0xe8e bootpack.o
                0x0000000000000030                HariMain
                0x0000000000000df6                keywin_off
                0x0000000000000e6e                keywin_on
 .text          0x0000000000000ebe      0x5ad graphic.o
                0x0000000000000ebe                init_palette
                0x0000000000000edb                set_palette
                0x0000000000000f81                boxfill8
                0x0000000000000fd0                init_screen8
                0x00000000000011eb                putfont8
                0x00000000000012e3                putfonts8_asc
                0x000000000000132f                init_mouse_cursor8
                0x00000000000013ff                putblock8_8
 .text          0x000000000000146b      0x261 dsctbl.o
                0x000000000000146b                init_gdtidt
                0x0000000000001616                set_segmdesc
                0x000000000000168d                set_gatedesc
 *fill*         0x00000000000016cc        0x4 
 .text          0x00000000000016d0      0x1c7 naskfunc.o
                0x00000000000016d0                io_hlt
                0x00000000000016d2                io_cli
                0x00000000000016d4                io_sti
                0x00000000000016d6                io_stihlt
                0x00000000000016d9                io_in8
                0x00000000000016e4                io_in16
                0x00000000000016f0                io_in32
                0x00000000000016f6                io_out8
                0x0000000000001700                io_out16
                0x000000000000170b                io_out32
                0x0000000000001715                io_load_eflags
                0x0000000000001718                io_store_eflags
                0x000000000000171f                load_gdtr
                0x000000000000172f                load_idtr
                0x000000000000173f                load_cr0
                0x0000000000001743                store_cr0
                0x000000000000174b                load_tr
                0x0000000000001751                asm_inthandler20
                0x0000000000001768                asm_inthandler21
                0x000000000000177f                asm_inthandler27
                0x0000000000001796                asm_inthandler2c
                0x00000000000017ad                asm_inthandler0c
                0x00000000000017d1                asm_inthandler0d
                0x00000000000017f1                memtest_sub
                0x0000000000001833                farjmp
                0x0000000000001838                farcall
                0x000000000000183d                asm_hrb_api
                0x000000000000185e                start_app
                0x000000000000188c                asm_end_app
 .text          0x0000000000001897        0x0 hankaku.o
 .text          0x0000000000001897      0x1a2 mysprintf.o
                0x0000000000001897                dec2asc
                0x0000000000001912                hex2asc
                0x000000000000199d                sprintf
 .text          0x0000000000001a39       0xf3 int.o
                0x0000000000001a39                init_pic
                0x0000000000001b14                inthandler27
 .text          0x0000000000001b2c      0x178 fifo.o
                0x0000000000001b2c                fifo32_init
                0x0000000000001b73                fifo32_put
                0x0000000000001c20                fifo32_get
                0x0000000000001c8f                fifo32_status
 .text          0x0000000000001ca4       0xa6 keyboard.o
                0x0000000000001ca4                inthandler21
                0x0000000000001ce9                wait_KBC_sendready
                0x0000000000001d09                init_keyboard
 .text          0x0000000000001d4a      0x1d8 mouse.o
                0x0000000000001d4a                inthandler2c
                0x0000000000001da1                enable_mouse
                0x0000000000001def                mouse_decode
 .text          0x0000000000001f22      0x4a3 memory.o
                0x0000000000001f22                memtest
                0x0000000000001fd1                memman_init
                0x0000000000001ffe                memman_total
                0x0000000000002036                memman_alloc
                0x000000000000211d                memman_free
                0x000000000000236a                memman_alloc_4k
                0x0000000000002396                memman_free_4k
 .text          0x00000000000023c5      0xa5f sheet.o
                0x00000000000023c5                shtctl_init
                0x00000000000024a7                sheet_alloc
                0x0000000000002527                sheet_setbuf
                0x0000000000002550                sheet_refreshmap
                0x000000000000271e                sheet_refreshsub
                0x0000000000002908                sheet_updown
                0x0000000000002c79                sheet_refresh
                0x0000000000002cea                sheet_slide
                0x0000000000002dfd                sheet_free
 .text          0x0000000000002e24      0x28c timer.o
                0x0000000000002e24                init_pit
                0x0000000000002ec2                timer_alloc
                0x0000000000002f2b                timer_free
                0x0000000000002f3b                timer_init
                0x0000000000002f53                timer_settime
                0x0000000000003002                inthandler20
 .text          0x00000000000030b0      0x6a0 mtask.o
                0x00000000000030b0                task_now
                0x00000000000030f6                task_add
                0x0000000000003155                task_remove
                0x0000000000003226                task_switchsub
                0x0000000000003287                task_idle
                0x0000000000003294                task_init
                0x0000000000003470                task_alloc
                0x000000000000359b                task_run
                0x000000000000360c                task_switch
                0x0000000000003700                task_sleep
 .text          0x0000000000003750      0x118 mystrcmp.o
                0x0000000000003750                strcmp
                0x00000000000037db                strncmp
 .text          0x0000000000003868      0x2ab file.o
                0x0000000000003868                file_readfat
                0x0000000000003912                file_loadfile
                0x00000000000039b6                file_search
 .text          0x0000000000003b13      0x5dc window.o
                0x0000000000003b13                make_window8
                0x0000000000003c7d                make_wtitle8
                0x0000000000003d6c                putfonts8_asc_sht
                0x0000000000003e0b                make_textbox8
                0x000000000000400a                change_wtitle8
 .text          0x00000000000040ef     0x13d0 console.o
                0x00000000000040ef                console_task
                0x00000000000044ac                cons_putchar
                0x00000000000045b1                cons_newline
                0x00000000000046b4                cons_runcmd
                0x000000000000479f                cmd_mem
                0x00000000000047ed                cmd_cls
                0x0000000000004869                cmd_dir
                0x0000000000004994                cons_putstr0
                0x00000000000049c4                cons_putstr1
                0x00000000000049ff                cmd_type
                0x0000000000004aca                cmd_app
                0x0000000000004dd4                hrb_api
                0x00000000000052d7                inthandler0d
                0x0000000000005339                inthandler0c
                0x000000000000539b                hrb_api_linewin

.data           0x0000000000310000     0x141c load address 0x00000000000054bf
 *(.data)
 .data          0x0000000000310000      0x100 bootpack.o
 .data          0x0000000000310100      0x140 graphic.o
 .data          0x0000000000310240        0x0 dsctbl.o
 .data          0x0000000000310240     0x1000 hankaku.o
                0x0000000000310240                hankaku
 .data          0x0000000000311240        0x0 mysprintf.o
 .data          0x0000000000311240        0x0 int.o
 .data          0x0000000000311240        0x0 fifo.o
 .data          0x0000000000311240        0x0 keyboard.o
 .data          0x0000000000311240        0x0 mouse.o
 .data          0x0000000000311240        0x0 memory.o
 .data          0x0000000000311240        0x0 sheet.o
 .data          0x0000000000311240        0x0 timer.o
 .data          0x0000000000311240        0x0 mtask.o
 .data          0x0000000000311240        0x0 mystrcmp.o
 .data          0x0000000000311240        0x0 file.o
 .data          0x0000000000311240       0xe0 window.o
 .data          0x0000000000311320        0x0 console.o
 *(.rodata*)
 .rodata        0x0000000000311320       0x30 bootpack.o
 .rodata        0x0000000000311350       0xcc console.o
 *(.bss)
 .bss           0x000000000031141c        0x0 bootpack.o
 .bss           0x000000000031141c        0x0 graphic.o
 .bss           0x000000000031141c        0x0 dsctbl.o
 .bss           0x000000000031141c        0x0 hankaku.o
 .bss           0x000000000031141c        0x0 mysprintf.o
 .bss           0x000000000031141c        0x0 int.o
 .bss           0x000000000031141c        0x0 fifo.o
 .bss           0x000000000031141c        0x0 keyboard.o
 .bss           0x000000000031141c        0x0 mouse.o
 .bss           0x000000000031141c        0x0 memory.o
 .bss           0x000000000031141c        0x0 sheet.o
 .bss           0x000000000031141c        0x0 timer.o
 .bss           0x000000000031141c        0x0 mtask.o
 .bss           0x000000000031141c        0x0 mystrcmp.o
 .bss           0x000000000031141c        0x0 file.o
 .bss           0x000000000031141c        0x0 window.o
 .bss           0x000000000031141c        0x0 console.o

/DISCARD/
 *(.eh_frame)
OUTPUT(bootpack.hrb binary)

.comment        0x0000000000000000      0x132
 .comment       0x0000000000000000       0x12 bootpack.o
 .comment       0x0000000000000012       0x12 graphic.o
 .comment       0x0000000000000024       0x12 dsctbl.o
 .comment       0x0000000000000036       0x12 hankaku.o
 .comment       0x0000000000000048       0x12 mysprintf.o
 .comment       0x000000000000005a       0x12 int.o
 .comment       0x000000000000006c       0x12 fifo.o
 .comment       0x000000000000007e       0x12 keyboard.o
 .comment       0x0000000000000090       0x12 mouse.o
 .comment       0x00000000000000a2       0x12 memory.o
 .comment       0x00000000000000b4       0x12 sheet.o
 .comment       0x00000000000000c6       0x12 timer.o
 .comment       0x00000000000000d8       0x12 mtask.o
 .comment       0x00000000000000ea       0x12 mystrcmp.o
 .comment       0x00000000000000fc       0x12 file.o
 .comment       0x000000000000010e       0x12 window.o
 .comment       0x0000000000000120       0x12 console.o

.debug_aranges  0x0000000000000000       0x20
 .debug_aranges
                0x0000000000000000       0x20 naskfunc.o

.debug_pubnames
                0x0000000000000000        0x0
 .debug_pubnames
                0x0000000000000000        0x0 naskfunc.o

.debug_info     0x0000000000000000       0x3e
 .debug_info    0x0000000000000000       0x3e naskfunc.o

.debug_abbrev   0x0000000000000000       0x1b
 .debug_abbrev  0x0000000000000000       0x1b naskfunc.o

.debug_line     0x0000000000000000      0x118
 .debug_line    0x0000000000000000      0x118 naskfunc.o

.debug_frame    0x0000000000000000        0x0
 .debug_frame   0x0000000000000000        0x0 naskfunc.o

.debug_loc      0x0000000000000000        0x0
 .debug_loc     0x0000000000000000        0x0 naskfunc.o

.bss            0x0000000000311420     0x2744 load address 0x00000000000068e0
 COMMON         0x0000000000311420        0x8 keyboard.o
                0x0000000000311420                keyfifo
                0x0000000000311424                keydata0
 COMMON         0x0000000000311428        0x8 mouse.o
                0x0000000000311428                mousedata0
                0x000000000031142c                mousefifo
 *fill*         0x0000000000311430       0x10 
 COMMON         0x0000000000311440     0x271c timer.o
                0x0000000000311440                timerctl
 COMMON         0x0000000000313b5c        0x8 mtask.o
                0x0000000000313b5c                taskctl
                0x0000000000313b60                task_timer
