
Allocating common symbols
Common symbol       size              file

mousedata0          0x4               mouse.o
keyfifo             0x4               keyboard.o
taskctl             0x4               mtask.o
timerctl            0x271c            timer.o
mousefifo           0x4               mouse.o
task_timer          0x4               mtask.o
keydata0            0x4               keyboard.o

Discarded input sections

 .eh_frame      0x0000000000000000       0x34 bootpack.o
 .eh_frame      0x0000000000000000      0x120 graphic.o
 .eh_frame      0x0000000000000000       0x78 dsctbl.o
 .eh_frame      0x0000000000000000       0x7c mysprintf.o
 .eh_frame      0x0000000000000000       0x58 int.o
 .eh_frame      0x0000000000000000       0x98 fifo.o
 .eh_frame      0x0000000000000000       0x78 keyboard.o
 .eh_frame      0x0000000000000000       0x78 mouse.o
 .eh_frame      0x0000000000000000      0x104 memory.o
 .eh_frame      0x0000000000000000      0x15c sheet.o
 .eh_frame      0x0000000000000000       0xd8 timer.o
 .eh_frame      0x0000000000000000      0x16c mtask.o
 .eh_frame      0x0000000000000000       0x58 mystrcmp.o
 .eh_frame      0x0000000000000000       0x78 file.o
 .eh_frame      0x0000000000000000       0xb0 window.o
 .eh_frame      0x0000000000000000      0x1c0 console.o

Memory Configuration

Name             Origin             Length             Attributes
*default*        0x0000000000000000 0xffffffffffffffff

Linker script and memory map

LOAD bootpack.o
LOAD graphic.o
LOAD dsctbl.o
LOAD naskfunc.o
LOAD hankaku.o
LOAD mysprintf.o
LOAD int.o
LOAD fifo.o
LOAD keyboard.o
LOAD mouse.o
LOAD memory.o
LOAD sheet.o
LOAD timer.o
LOAD mtask.o
LOAD mystrcmp.o
LOAD file.o
LOAD window.o
LOAD console.o

.head           0x0000000000000000       0x24
                0x0000000000000000        0x4 LONG 0x10000
                0x0000000000000004        0x4 LONG 0x69726148
                0x0000000000000008        0x4 LONG 0x0
                0x000000000000000c        0x4 LONG 0x310000
                0x0000000000000010        0x4 LONG 0x13c1 SIZEOF (.data)
                0x0000000000000014        0x4 LONG 0x4915 LOADADDR (.data)
                0x0000000000000018        0x4 LONG 0xe9000000
                0x000000000000001c        0x4 LONG 0x10 (HariMain - 0x20)
                0x0000000000000020        0x4 LONG 0x0

.text           0x0000000000000030     0x48e5
 *(.text)
 .text          0x0000000000000030      0xb1c bootpack.o
                0x0000000000000030                HariMain
 .text          0x0000000000000b4c      0x5ad graphic.o
                0x0000000000000b4c                init_palette
                0x0000000000000b69                set_palette
                0x0000000000000c0f                boxfill8
                0x0000000000000c5e                init_screen8
                0x0000000000000e79                putfont8
                0x0000000000000f71                putfonts8_asc
                0x0000000000000fbd                init_mouse_cursor8
                0x000000000000108d                putblock8_8
 .text          0x00000000000010f9      0x245 dsctbl.o
                0x00000000000010f9                init_gdtidt
                0x0000000000001288                set_segmdesc
                0x00000000000012ff                set_gatedesc
 *fill*         0x000000000000133e        0x2 
 .text          0x0000000000001340      0x198 naskfunc.o
                0x0000000000001340                io_hlt
                0x0000000000001342                io_cli
                0x0000000000001344                io_sti
                0x0000000000001346                io_stihlt
                0x0000000000001349                io_in8
                0x0000000000001354                io_in16
                0x0000000000001360                io_in32
                0x0000000000001366                io_out8
                0x0000000000001370                io_out16
                0x000000000000137b                io_out32
                0x0000000000001385                io_load_eflags
                0x0000000000001388                io_store_eflags
                0x000000000000138f                load_gdtr
                0x000000000000139f                load_idtr
                0x00000000000013af                load_cr0
                0x00000000000013b3                store_cr0
                0x00000000000013bb                load_tr
                0x00000000000013c1                asm_inthandler20
                0x00000000000013d8                asm_inthandler21
                0x00000000000013ef                asm_inthandler27
                0x0000000000001406                asm_inthandler2c
                0x000000000000141d                asm_inthandler0d
                0x000000000000143d                memtest_sub
                0x000000000000147f                farjmp
                0x0000000000001484                farcall
                0x0000000000001489                asm_hrb_api
                0x00000000000014aa                start_app
 .text          0x00000000000014d8        0x0 hankaku.o
 .text          0x00000000000014d8      0x1a2 mysprintf.o
                0x00000000000014d8                dec2asc
                0x0000000000001553                hex2asc
                0x00000000000015de                sprintf
 .text          0x000000000000167a       0xf3 int.o
                0x000000000000167a                init_pic
                0x0000000000001755                inthandler27
 .text          0x000000000000176d      0x178 fifo.o
                0x000000000000176d                fifo32_init
                0x00000000000017b4                fifo32_put
                0x0000000000001861                fifo32_get
                0x00000000000018d0                fifo32_status
 .text          0x00000000000018e5       0xa6 keyboard.o
                0x00000000000018e5                inthandler21
                0x000000000000192a                wait_KBC_sendready
                0x000000000000194a                init_keyboard
 .text          0x000000000000198b      0x1d8 mouse.o
                0x000000000000198b                inthandler2c
                0x00000000000019e2                enable_mouse
                0x0000000000001a30                mouse_decode
 .text          0x0000000000001b63      0x4a3 memory.o
                0x0000000000001b63                memtest
                0x0000000000001c12                memman_init
                0x0000000000001c3f                memman_total
                0x0000000000001c77                memman_alloc
                0x0000000000001d5e                memman_free
                0x0000000000001fab                memman_alloc_4k
                0x0000000000001fd7                memman_free_4k
 .text          0x0000000000002006      0xa4f sheet.o
                0x0000000000002006                shtctl_init
                0x00000000000020e8                sheet_alloc
                0x000000000000215e                sheet_setbuf
                0x0000000000002187                sheet_refreshmap
                0x0000000000002352                sheet_refreshsub
                0x0000000000002539                sheet_updown
                0x00000000000028aa                sheet_refresh
                0x000000000000291b                sheet_slide
                0x0000000000002a2e                sheet_free
 .text          0x0000000000002a55      0x28c timer.o
                0x0000000000002a55                init_pit
                0x0000000000002af3                timer_alloc
                0x0000000000002b5c                timer_free
                0x0000000000002b6c                timer_init
                0x0000000000002b84                timer_settime
                0x0000000000002c33                inthandler20
 .text          0x0000000000002ce1      0x696 mtask.o
                0x0000000000002ce1                task_now
                0x0000000000002d27                task_add
                0x0000000000002d86                task_remove
                0x0000000000002e57                task_switchsub
                0x0000000000002eb8                task_idle
                0x0000000000002ec5                task_init
                0x00000000000030a1                task_alloc
                0x00000000000031c2                task_run
                0x0000000000003233                task_switch
                0x0000000000003327                task_sleep
 .text          0x0000000000003377      0x118 mystrcmp.o
                0x0000000000003377                strcmp
                0x0000000000003402                strncmp
 .text          0x000000000000348f      0x2ab file.o
                0x000000000000348f                file_readfat
                0x0000000000003539                file_loadfile
                0x00000000000035dd                file_search
 .text          0x000000000000373a      0x4f7 window.o
                0x000000000000373a                make_window8
                0x00000000000038a4                make_wtitle8
                0x0000000000003993                putfonts8_asc_sht
                0x0000000000003a32                make_textbox8
 .text          0x0000000000003c31      0xce4 console.o
                0x0000000000003c31                console_task
                0x0000000000003fd7                cons_putchar
                0x00000000000040dc                cons_newline
                0x00000000000041df                cons_runcmd
                0x00000000000042ca                cmd_mem
                0x0000000000004318                cmd_cls
                0x0000000000004394                cmd_dir
                0x00000000000044bf                cons_putstr0
                0x00000000000044ef                cons_putstr1
                0x000000000000452a                cmd_type
                0x00000000000045f5                cmd_app
                0x000000000000484b                hrb_api
                0x00000000000048e2                inthandler0d

.data           0x0000000000310000     0x13c1 load address 0x0000000000004915
 *(.data)
 .data          0x0000000000310000      0x100 bootpack.o
 .data          0x0000000000310100      0x140 graphic.o
 .data          0x0000000000310240        0x0 dsctbl.o
 .data          0x0000000000310240     0x1000 hankaku.o
                0x0000000000310240                hankaku
 .data          0x0000000000311240        0x0 mysprintf.o
 .data          0x0000000000311240        0x0 int.o
 .data          0x0000000000311240        0x0 fifo.o
 .data          0x0000000000311240        0x0 keyboard.o
 .data          0x0000000000311240        0x0 mouse.o
 .data          0x0000000000311240        0x0 memory.o
 .data          0x0000000000311240        0x0 sheet.o
 .data          0x0000000000311240        0x0 timer.o
 .data          0x0000000000311240        0x0 mtask.o
 .data          0x0000000000311240        0x0 mystrcmp.o
 .data          0x0000000000311240        0x0 file.o
 .data          0x0000000000311240       0xe0 window.o
 .data          0x0000000000311320        0x0 console.o
 *(.rodata*)
 .rodata        0x0000000000311320       0x11 bootpack.o
 *fill*         0x0000000000311331        0x3 
 .rodata        0x0000000000311334       0x8d console.o
 *(.bss)
 .bss           0x00000000003113c1        0x0 bootpack.o
 .bss           0x00000000003113c1        0x0 graphic.o
 .bss           0x00000000003113c1        0x0 dsctbl.o
 .bss           0x00000000003113c1        0x0 hankaku.o
 .bss           0x00000000003113c1        0x0 mysprintf.o
 .bss           0x00000000003113c1        0x0 int.o
 .bss           0x00000000003113c1        0x0 fifo.o
 .bss           0x00000000003113c1        0x0 keyboard.o
 .bss           0x00000000003113c1        0x0 mouse.o
 .bss           0x00000000003113c1        0x0 memory.o
 .bss           0x00000000003113c1        0x0 sheet.o
 .bss           0x00000000003113c1        0x0 timer.o
 .bss           0x00000000003113c1        0x0 mtask.o
 .bss           0x00000000003113c1        0x0 mystrcmp.o
 .bss           0x00000000003113c1        0x0 file.o
 .bss           0x00000000003113c1        0x0 window.o
 .bss           0x00000000003113c1        0x0 console.o

/DISCARD/
 *(.eh_frame)
OUTPUT(bootpack.hrb binary)

.comment        0x0000000000000000      0x132
 .comment       0x0000000000000000       0x12 bootpack.o
 .comment       0x0000000000000012       0x12 graphic.o
 .comment       0x0000000000000024       0x12 dsctbl.o
 .comment       0x0000000000000036       0x12 hankaku.o
 .comment       0x0000000000000048       0x12 mysprintf.o
 .comment       0x000000000000005a       0x12 int.o
 .comment       0x000000000000006c       0x12 fifo.o
 .comment       0x000000000000007e       0x12 keyboard.o
 .comment       0x0000000000000090       0x12 mouse.o
 .comment       0x00000000000000a2       0x12 memory.o
 .comment       0x00000000000000b4       0x12 sheet.o
 .comment       0x00000000000000c6       0x12 timer.o
 .comment       0x00000000000000d8       0x12 mtask.o
 .comment       0x00000000000000ea       0x12 mystrcmp.o
 .comment       0x00000000000000fc       0x12 file.o
 .comment       0x000000000000010e       0x12 window.o
 .comment       0x0000000000000120       0x12 console.o

.debug_aranges  0x0000000000000000       0x20
 .debug_aranges
                0x0000000000000000       0x20 naskfunc.o

.debug_pubnames
                0x0000000000000000        0x0
 .debug_pubnames
                0x0000000000000000        0x0 naskfunc.o

.debug_info     0x0000000000000000       0x3e
 .debug_info    0x0000000000000000       0x3e naskfunc.o

.debug_abbrev   0x0000000000000000       0x1b
 .debug_abbrev  0x0000000000000000       0x1b naskfunc.o

.debug_line     0x0000000000000000      0x102
 .debug_line    0x0000000000000000      0x102 naskfunc.o

.debug_frame    0x0000000000000000        0x0
 .debug_frame   0x0000000000000000        0x0 naskfunc.o

.debug_loc      0x0000000000000000        0x0
 .debug_loc     0x0000000000000000        0x0 naskfunc.o

.bss            0x00000000003113e0     0x2744 load address 0x0000000000005d00
 COMMON         0x00000000003113e0        0x8 keyboard.o
                0x00000000003113e0                keyfifo
                0x00000000003113e4                keydata0
 COMMON         0x00000000003113e8        0x8 mouse.o
                0x00000000003113e8                mousedata0
                0x00000000003113ec                mousefifo
 *fill*         0x00000000003113f0       0x10 
 COMMON         0x0000000000311400     0x271c timer.o
                0x0000000000311400                timerctl
 COMMON         0x0000000000313b1c        0x8 mtask.o
                0x0000000000313b1c                taskctl
                0x0000000000313b20                task_timer
