
Allocating common symbols
Common symbol       size              file

mousedata0          0x4               mouse.o
keyfifo             0x4               keyboard.o
taskctl             0x4               mtask.o
timerctl            0x271c            timer.o
mousefifo           0x4               mouse.o
task_timer          0x4               mtask.o
keydata0            0x4               keyboard.o

Discarded input sections

 .eh_frame      0x0000000000000000       0x34 bootpack.o
 .eh_frame      0x0000000000000000      0x120 graphic.o
 .eh_frame      0x0000000000000000       0x78 dsctbl.o
 .eh_frame      0x0000000000000000       0x7c mysprintf.o
 .eh_frame      0x0000000000000000       0x58 int.o
 .eh_frame      0x0000000000000000       0x98 fifo.o
 .eh_frame      0x0000000000000000       0x78 keyboard.o
 .eh_frame      0x0000000000000000       0x78 mouse.o
 .eh_frame      0x0000000000000000      0x104 memory.o
 .eh_frame      0x0000000000000000      0x15c sheet.o
 .eh_frame      0x0000000000000000       0xd8 timer.o
 .eh_frame      0x0000000000000000      0x16c mtask.o
 .eh_frame      0x0000000000000000       0x58 mystrcmp.o
 .eh_frame      0x0000000000000000       0x78 file.o
 .eh_frame      0x0000000000000000       0xb0 window.o
 .eh_frame      0x0000000000000000      0x1e0 console.o

Memory Configuration

Name             Origin             Length             Attributes
*default*        0x0000000000000000 0xffffffffffffffff

Linker script and memory map

LOAD bootpack.o
LOAD graphic.o
LOAD dsctbl.o
LOAD naskfunc.o
LOAD hankaku.o
LOAD mysprintf.o
LOAD int.o
LOAD fifo.o
LOAD keyboard.o
LOAD mouse.o
LOAD memory.o
LOAD sheet.o
LOAD timer.o
LOAD mtask.o
LOAD mystrcmp.o
LOAD file.o
LOAD window.o
LOAD console.o

.head           0x0000000000000000       0x24
                0x0000000000000000        0x4 LONG 0x10000
                0x0000000000000004        0x4 LONG 0x69726148
                0x0000000000000008        0x4 LONG 0x0
                0x000000000000000c        0x4 LONG 0x310000
                0x0000000000000010        0x4 LONG 0x140c SIZEOF (.data)
                0x0000000000000014        0x4 LONG 0x4abf LOADADDR (.data)
                0x0000000000000018        0x4 LONG 0xe9000000
                0x000000000000001c        0x4 LONG 0x10 (HariMain - 0x20)
                0x0000000000000020        0x4 LONG 0x0

.text           0x0000000000000030     0x4a8f
 *(.text)
 .text          0x0000000000000030      0xb8d bootpack.o
                0x0000000000000030                HariMain
 .text          0x0000000000000bbd      0x5ad graphic.o
                0x0000000000000bbd                init_palette
                0x0000000000000bda                set_palette
                0x0000000000000c80                boxfill8
                0x0000000000000ccf                init_screen8
                0x0000000000000eea                putfont8
                0x0000000000000fe2                putfonts8_asc
                0x000000000000102e                init_mouse_cursor8
                0x00000000000010fe                putblock8_8
 .text          0x000000000000116a      0x261 dsctbl.o
                0x000000000000116a                init_gdtidt
                0x0000000000001315                set_segmdesc
                0x000000000000138c                set_gatedesc
 *fill*         0x00000000000013cb        0x5 
 .text          0x00000000000013d0      0x1c7 naskfunc.o
                0x00000000000013d0                io_hlt
                0x00000000000013d2                io_cli
                0x00000000000013d4                io_sti
                0x00000000000013d6                io_stihlt
                0x00000000000013d9                io_in8
                0x00000000000013e4                io_in16
                0x00000000000013f0                io_in32
                0x00000000000013f6                io_out8
                0x0000000000001400                io_out16
                0x000000000000140b                io_out32
                0x0000000000001415                io_load_eflags
                0x0000000000001418                io_store_eflags
                0x000000000000141f                load_gdtr
                0x000000000000142f                load_idtr
                0x000000000000143f                load_cr0
                0x0000000000001443                store_cr0
                0x000000000000144b                load_tr
                0x0000000000001451                asm_inthandler20
                0x0000000000001468                asm_inthandler21
                0x000000000000147f                asm_inthandler27
                0x0000000000001496                asm_inthandler2c
                0x00000000000014ad                asm_inthandler0c
                0x00000000000014d1                asm_inthandler0d
                0x00000000000014f1                memtest_sub
                0x0000000000001533                farjmp
                0x0000000000001538                farcall
                0x000000000000153d                asm_hrb_api
                0x000000000000155e                start_app
                0x000000000000158c                asm_end_app
 .text          0x0000000000001597        0x0 hankaku.o
 .text          0x0000000000001597      0x1a2 mysprintf.o
                0x0000000000001597                dec2asc
                0x0000000000001612                hex2asc
                0x000000000000169d                sprintf
 .text          0x0000000000001739       0xf3 int.o
                0x0000000000001739                init_pic
                0x0000000000001814                inthandler27
 .text          0x000000000000182c      0x178 fifo.o
                0x000000000000182c                fifo32_init
                0x0000000000001873                fifo32_put
                0x0000000000001920                fifo32_get
                0x000000000000198f                fifo32_status
 .text          0x00000000000019a4       0xa6 keyboard.o
                0x00000000000019a4                inthandler21
                0x00000000000019e9                wait_KBC_sendready
                0x0000000000001a09                init_keyboard
 .text          0x0000000000001a4a      0x1d8 mouse.o
                0x0000000000001a4a                inthandler2c
                0x0000000000001aa1                enable_mouse
                0x0000000000001aef                mouse_decode
 .text          0x0000000000001c22      0x4a3 memory.o
                0x0000000000001c22                memtest
                0x0000000000001cd1                memman_init
                0x0000000000001cfe                memman_total
                0x0000000000001d36                memman_alloc
                0x0000000000001e1d                memman_free
                0x000000000000206a                memman_alloc_4k
                0x0000000000002096                memman_free_4k
 .text          0x00000000000020c5      0xa4f sheet.o
                0x00000000000020c5                shtctl_init
                0x00000000000021a7                sheet_alloc
                0x000000000000221d                sheet_setbuf
                0x0000000000002246                sheet_refreshmap
                0x0000000000002411                sheet_refreshsub
                0x00000000000025f8                sheet_updown
                0x0000000000002969                sheet_refresh
                0x00000000000029da                sheet_slide
                0x0000000000002aed                sheet_free
 .text          0x0000000000002b14      0x28c timer.o
                0x0000000000002b14                init_pit
                0x0000000000002bb2                timer_alloc
                0x0000000000002c1b                timer_free
                0x0000000000002c2b                timer_init
                0x0000000000002c43                timer_settime
                0x0000000000002cf2                inthandler20
 .text          0x0000000000002da0      0x6a0 mtask.o
                0x0000000000002da0                task_now
                0x0000000000002de6                task_add
                0x0000000000002e45                task_remove
                0x0000000000002f16                task_switchsub
                0x0000000000002f77                task_idle
                0x0000000000002f84                task_init
                0x0000000000003160                task_alloc
                0x000000000000328b                task_run
                0x00000000000032fc                task_switch
                0x00000000000033f0                task_sleep
 .text          0x0000000000003440      0x118 mystrcmp.o
                0x0000000000003440                strcmp
                0x00000000000034cb                strncmp
 .text          0x0000000000003558      0x2ab file.o
                0x0000000000003558                file_readfat
                0x0000000000003602                file_loadfile
                0x00000000000036a6                file_search
 .text          0x0000000000003803      0x4f7 window.o
                0x0000000000003803                make_window8
                0x000000000000396d                make_wtitle8
                0x0000000000003a5c                putfonts8_asc_sht
                0x0000000000003afb                make_textbox8
 .text          0x0000000000003cfa      0xdc5 console.o
                0x0000000000003cfa                console_task
                0x00000000000040a0                cons_putchar
                0x00000000000041a5                cons_newline
                0x00000000000042a8                cons_runcmd
                0x0000000000004393                cmd_mem
                0x00000000000043e1                cmd_cls
                0x000000000000445d                cmd_dir
                0x0000000000004588                cons_putstr0
                0x00000000000045b8                cons_putstr1
                0x00000000000045f3                cmd_type
                0x00000000000046be                cmd_app
                0x0000000000004964                hrb_api
                0x00000000000049fb                inthandler0d
                0x0000000000004a5d                inthandler0c

.data           0x0000000000310000     0x140c load address 0x0000000000004abf
 *(.data)
 .data          0x0000000000310000      0x100 bootpack.o
 .data          0x0000000000310100      0x140 graphic.o
 .data          0x0000000000310240        0x0 dsctbl.o
 .data          0x0000000000310240     0x1000 hankaku.o
                0x0000000000310240                hankaku
 .data          0x0000000000311240        0x0 mysprintf.o
 .data          0x0000000000311240        0x0 int.o
 .data          0x0000000000311240        0x0 fifo.o
 .data          0x0000000000311240        0x0 keyboard.o
 .data          0x0000000000311240        0x0 mouse.o
 .data          0x0000000000311240        0x0 memory.o
 .data          0x0000000000311240        0x0 sheet.o
 .data          0x0000000000311240        0x0 timer.o
 .data          0x0000000000311240        0x0 mtask.o
 .data          0x0000000000311240        0x0 mystrcmp.o
 .data          0x0000000000311240        0x0 file.o
 .data          0x0000000000311240       0xe0 window.o
 .data          0x0000000000311320        0x0 console.o
 *(.rodata*)
 .rodata        0x0000000000311320       0x20 bootpack.o
 .rodata        0x0000000000311340       0xcc console.o
 *(.bss)
 .bss           0x000000000031140c        0x0 bootpack.o
 .bss           0x000000000031140c        0x0 graphic.o
 .bss           0x000000000031140c        0x0 dsctbl.o
 .bss           0x000000000031140c        0x0 hankaku.o
 .bss           0x000000000031140c        0x0 mysprintf.o
 .bss           0x000000000031140c        0x0 int.o
 .bss           0x000000000031140c        0x0 fifo.o
 .bss           0x000000000031140c        0x0 keyboard.o
 .bss           0x000000000031140c        0x0 mouse.o
 .bss           0x000000000031140c        0x0 memory.o
 .bss           0x000000000031140c        0x0 sheet.o
 .bss           0x000000000031140c        0x0 timer.o
 .bss           0x000000000031140c        0x0 mtask.o
 .bss           0x000000000031140c        0x0 mystrcmp.o
 .bss           0x000000000031140c        0x0 file.o
 .bss           0x000000000031140c        0x0 window.o
 .bss           0x000000000031140c        0x0 console.o

/DISCARD/
 *(.eh_frame)
OUTPUT(bootpack.hrb binary)

.comment        0x0000000000000000      0x132
 .comment       0x0000000000000000       0x12 bootpack.o
 .comment       0x0000000000000012       0x12 graphic.o
 .comment       0x0000000000000024       0x12 dsctbl.o
 .comment       0x0000000000000036       0x12 hankaku.o
 .comment       0x0000000000000048       0x12 mysprintf.o
 .comment       0x000000000000005a       0x12 int.o
 .comment       0x000000000000006c       0x12 fifo.o
 .comment       0x000000000000007e       0x12 keyboard.o
 .comment       0x0000000000000090       0x12 mouse.o
 .comment       0x00000000000000a2       0x12 memory.o
 .comment       0x00000000000000b4       0x12 sheet.o
 .comment       0x00000000000000c6       0x12 timer.o
 .comment       0x00000000000000d8       0x12 mtask.o
 .comment       0x00000000000000ea       0x12 mystrcmp.o
 .comment       0x00000000000000fc       0x12 file.o
 .comment       0x000000000000010e       0x12 window.o
 .comment       0x0000000000000120       0x12 console.o

.debug_aranges  0x0000000000000000       0x20
 .debug_aranges
                0x0000000000000000       0x20 naskfunc.o

.debug_pubnames
                0x0000000000000000        0x0
 .debug_pubnames
                0x0000000000000000        0x0 naskfunc.o

.debug_info     0x0000000000000000       0x3e
 .debug_info    0x0000000000000000       0x3e naskfunc.o

.debug_abbrev   0x0000000000000000       0x1b
 .debug_abbrev  0x0000000000000000       0x1b naskfunc.o

.debug_line     0x0000000000000000      0x118
 .debug_line    0x0000000000000000      0x118 naskfunc.o

.debug_frame    0x0000000000000000        0x0
 .debug_frame   0x0000000000000000        0x0 naskfunc.o

.debug_loc      0x0000000000000000        0x0
 .debug_loc     0x0000000000000000        0x0 naskfunc.o

.bss            0x0000000000311420     0x2744 load address 0x0000000000005ee0
 COMMON         0x0000000000311420        0x8 keyboard.o
                0x0000000000311420                keyfifo
                0x0000000000311424                keydata0
 COMMON         0x0000000000311428        0x8 mouse.o
                0x0000000000311428                mousedata0
                0x000000000031142c                mousefifo
 *fill*         0x0000000000311430       0x10 
 COMMON         0x0000000000311440     0x271c timer.o
                0x0000000000311440                timerctl
 COMMON         0x0000000000313b5c        0x8 mtask.o
                0x0000000000313b5c                taskctl
                0x0000000000313b60                task_timer
