
Allocating common symbols
Common symbol       size              file

mousedata0          0x4               mouse.o
keyfifo             0x4               keyboard.o
taskctl             0x4               mtask.o
timerctl            0x271c            timer.o
mousefifo           0x4               mouse.o
task_timer          0x4               mtask.o
keydata0            0x4               keyboard.o

Discarded input sections

 .eh_frame      0x0000000000000000       0x34 bootpack.o
 .eh_frame      0x0000000000000000      0x120 graphic.o
 .eh_frame      0x0000000000000000       0x78 dsctbl.o
 .eh_frame      0x0000000000000000       0x7c mysprintf.o
 .eh_frame      0x0000000000000000       0x58 int.o
 .eh_frame      0x0000000000000000       0x98 fifo.o
 .eh_frame      0x0000000000000000       0x78 keyboard.o
 .eh_frame      0x0000000000000000       0x78 mouse.o
 .eh_frame      0x0000000000000000      0x104 memory.o
 .eh_frame      0x0000000000000000      0x15c sheet.o
 .eh_frame      0x0000000000000000       0xd8 timer.o
 .eh_frame      0x0000000000000000      0x16c mtask.o
 .eh_frame      0x0000000000000000       0x58 mystrcmp.o
 .eh_frame      0x0000000000000000       0x78 file.o
 .eh_frame      0x0000000000000000       0xb0 window.o
 .eh_frame      0x0000000000000000      0x140 console.o

Memory Configuration

Name             Origin             Length             Attributes
*default*        0x0000000000000000 0xffffffffffffffff

Linker script and memory map

LOAD bootpack.o
LOAD graphic.o
LOAD dsctbl.o
LOAD naskfunc.o
LOAD hankaku.o
LOAD mysprintf.o
LOAD int.o
LOAD fifo.o
LOAD keyboard.o
LOAD mouse.o
LOAD memory.o
LOAD sheet.o
LOAD timer.o
LOAD mtask.o
LOAD mystrcmp.o
LOAD file.o
LOAD window.o
LOAD console.o

.head           0x0000000000000000       0x24
                0x0000000000000000        0x4 LONG 0x10000
                0x0000000000000004        0x4 LONG 0x69726148
                0x0000000000000008        0x4 LONG 0x0
                0x000000000000000c        0x4 LONG 0x310000
                0x0000000000000010        0x4 LONG 0x1395 SIZEOF (.data)
                0x0000000000000014        0x4 LONG 0x4730 LOADADDR (.data)
                0x0000000000000018        0x4 LONG 0xe9000000
                0x000000000000001c        0x4 LONG 0x10 (HariMain - 0x20)
                0x0000000000000020        0x4 LONG 0x0

.text           0x0000000000000030     0x4700
 *(.text)
 .text          0x0000000000000030      0xb1c bootpack.o
                0x0000000000000030                HariMain
 .text          0x0000000000000b4c      0x5ad graphic.o
                0x0000000000000b4c                init_palette
                0x0000000000000b69                set_palette
                0x0000000000000c0f                boxfill8
                0x0000000000000c5e                init_screen8
                0x0000000000000e79                putfont8
                0x0000000000000f71                putfonts8_asc
                0x0000000000000fbd                init_mouse_cursor8
                0x000000000000108d                putblock8_8
 .text          0x00000000000010f9      0x20b dsctbl.o
                0x00000000000010f9                init_gdtidt
                0x000000000000124e                set_segmdesc
                0x00000000000012c5                set_gatedesc
 *fill*         0x0000000000001304        0xc 
 .text          0x0000000000001310      0x140 naskfunc.o
                0x0000000000001310                io_hlt
                0x0000000000001312                io_cli
                0x0000000000001314                io_sti
                0x0000000000001316                io_stihlt
                0x0000000000001319                io_in8
                0x0000000000001324                io_in16
                0x0000000000001330                io_in32
                0x0000000000001336                io_out8
                0x0000000000001340                io_out16
                0x000000000000134b                io_out32
                0x0000000000001355                io_load_eflags
                0x0000000000001358                io_store_eflags
                0x000000000000135f                load_gdtr
                0x000000000000136f                load_idtr
                0x000000000000137f                load_cr0
                0x0000000000001383                store_cr0
                0x000000000000138b                load_tr
                0x0000000000001391                asm_inthandler20
                0x00000000000013a8                asm_inthandler21
                0x00000000000013bf                asm_inthandler27
                0x00000000000013d6                asm_inthandler2c
                0x00000000000013ed                memtest_sub
                0x000000000000142f                farjmp
                0x0000000000001434                asm_cons_putchar
                0x000000000000144b                farcall
 .text          0x0000000000001450        0x0 hankaku.o
 .text          0x0000000000001450      0x1a2 mysprintf.o
                0x0000000000001450                dec2asc
                0x00000000000014cb                hex2asc
                0x0000000000001556                sprintf
 .text          0x00000000000015f2       0xf3 int.o
                0x00000000000015f2                init_pic
                0x00000000000016cd                inthandler27
 .text          0x00000000000016e5      0x178 fifo.o
                0x00000000000016e5                fifo32_init
                0x000000000000172c                fifo32_put
                0x00000000000017d9                fifo32_get
                0x0000000000001848                fifo32_status
 .text          0x000000000000185d       0xa6 keyboard.o
                0x000000000000185d                inthandler21
                0x00000000000018a2                wait_KBC_sendready
                0x00000000000018c2                init_keyboard
 .text          0x0000000000001903      0x1d8 mouse.o
                0x0000000000001903                inthandler2c
                0x000000000000195a                enable_mouse
                0x00000000000019a8                mouse_decode
 .text          0x0000000000001adb      0x4a3 memory.o
                0x0000000000001adb                memtest
                0x0000000000001b8a                memman_init
                0x0000000000001bb7                memman_total
                0x0000000000001bef                memman_alloc
                0x0000000000001cd6                memman_free
                0x0000000000001f23                memman_alloc_4k
                0x0000000000001f4f                memman_free_4k
 .text          0x0000000000001f7e      0xa4f sheet.o
                0x0000000000001f7e                shtctl_init
                0x0000000000002060                sheet_alloc
                0x00000000000020d6                sheet_setbuf
                0x00000000000020ff                sheet_refreshmap
                0x00000000000022ca                sheet_refreshsub
                0x00000000000024b1                sheet_updown
                0x0000000000002822                sheet_refresh
                0x0000000000002893                sheet_slide
                0x00000000000029a6                sheet_free
 .text          0x00000000000029cd      0x28c timer.o
                0x00000000000029cd                init_pit
                0x0000000000002a6b                timer_alloc
                0x0000000000002ad4                timer_free
                0x0000000000002ae4                timer_init
                0x0000000000002afc                timer_settime
                0x0000000000002bab                inthandler20
 .text          0x0000000000002c59      0x696 mtask.o
                0x0000000000002c59                task_now
                0x0000000000002c9f                task_add
                0x0000000000002cfe                task_remove
                0x0000000000002dcf                task_switchsub
                0x0000000000002e30                task_idle
                0x0000000000002e3d                task_init
                0x0000000000003019                task_alloc
                0x000000000000313a                task_run
                0x00000000000031ab                task_switch
                0x000000000000329f                task_sleep
 .text          0x00000000000032ef      0x118 mystrcmp.o
                0x00000000000032ef                strcmp
                0x000000000000337a                strncmp
 .text          0x0000000000003407      0x2ab file.o
                0x0000000000003407                file_readfat
                0x00000000000034b1                file_loadfile
                0x0000000000003555                file_search
 .text          0x00000000000036b2      0x4f7 window.o
                0x00000000000036b2                make_window8
                0x000000000000381c                make_wtitle8
                0x000000000000390b                putfonts8_asc_sht
                0x00000000000039aa                make_textbox8
 .text          0x0000000000003ba9      0xb87 console.o
                0x0000000000003ba9                console_task
                0x0000000000003f4f                cons_putchar
                0x0000000000004054                cons_newline
                0x0000000000004157                cons_runcmd
                0x0000000000004285                cmd_mem
                0x0000000000004348                cmd_cls
                0x00000000000043c4                cmd_dir
                0x000000000000450f                cmd_type
                0x000000000000461d                cmd_hlt

.data           0x0000000000310000     0x1395 load address 0x0000000000004730
 *(.data)
 .data          0x0000000000310000      0x100 bootpack.o
 .data          0x0000000000310100      0x140 graphic.o
 .data          0x0000000000310240        0x0 dsctbl.o
 .data          0x0000000000310240     0x1000 hankaku.o
                0x0000000000310240                hankaku
 .data          0x0000000000311240        0x0 mysprintf.o
 .data          0x0000000000311240        0x0 int.o
 .data          0x0000000000311240        0x0 fifo.o
 .data          0x0000000000311240        0x0 keyboard.o
 .data          0x0000000000311240        0x0 mouse.o
 .data          0x0000000000311240        0x0 memory.o
 .data          0x0000000000311240        0x0 sheet.o
 .data          0x0000000000311240        0x0 timer.o
 .data          0x0000000000311240        0x0 mtask.o
 .data          0x0000000000311240        0x0 mystrcmp.o
 .data          0x0000000000311240        0x0 file.o
 .data          0x0000000000311240       0xe0 window.o
 .data          0x0000000000311320        0x0 console.o
 *(.rodata*)
 .rodata        0x0000000000311320       0x11 bootpack.o
 .rodata        0x0000000000311331       0x64 console.o
 *(.bss)
 .bss           0x0000000000311395        0x0 bootpack.o
 .bss           0x0000000000311395        0x0 graphic.o
 .bss           0x0000000000311395        0x0 dsctbl.o
 .bss           0x0000000000311395        0x0 hankaku.o
 .bss           0x0000000000311395        0x0 mysprintf.o
 .bss           0x0000000000311395        0x0 int.o
 .bss           0x0000000000311395        0x0 fifo.o
 .bss           0x0000000000311395        0x0 keyboard.o
 .bss           0x0000000000311395        0x0 mouse.o
 .bss           0x0000000000311395        0x0 memory.o
 .bss           0x0000000000311395        0x0 sheet.o
 .bss           0x0000000000311395        0x0 timer.o
 .bss           0x0000000000311395        0x0 mtask.o
 .bss           0x0000000000311395        0x0 mystrcmp.o
 .bss           0x0000000000311395        0x0 file.o
 .bss           0x0000000000311395        0x0 window.o
 .bss           0x0000000000311395        0x0 console.o

/DISCARD/
 *(.eh_frame)
OUTPUT(bootpack.hrb binary)

.comment        0x0000000000000000      0x132
 .comment       0x0000000000000000       0x12 bootpack.o
 .comment       0x0000000000000012       0x12 graphic.o
 .comment       0x0000000000000024       0x12 dsctbl.o
 .comment       0x0000000000000036       0x12 hankaku.o
 .comment       0x0000000000000048       0x12 mysprintf.o
 .comment       0x000000000000005a       0x12 int.o
 .comment       0x000000000000006c       0x12 fifo.o
 .comment       0x000000000000007e       0x12 keyboard.o
 .comment       0x0000000000000090       0x12 mouse.o
 .comment       0x00000000000000a2       0x12 memory.o
 .comment       0x00000000000000b4       0x12 sheet.o
 .comment       0x00000000000000c6       0x12 timer.o
 .comment       0x00000000000000d8       0x12 mtask.o
 .comment       0x00000000000000ea       0x12 mystrcmp.o
 .comment       0x00000000000000fc       0x12 file.o
 .comment       0x000000000000010e       0x12 window.o
 .comment       0x0000000000000120       0x12 console.o

.debug_aranges  0x0000000000000000       0x20
 .debug_aranges
                0x0000000000000000       0x20 naskfunc.o

.debug_pubnames
                0x0000000000000000        0x0
 .debug_pubnames
                0x0000000000000000        0x0 naskfunc.o

.debug_info     0x0000000000000000       0x3e
 .debug_info    0x0000000000000000       0x3e naskfunc.o

.debug_abbrev   0x0000000000000000       0x1b
 .debug_abbrev  0x0000000000000000       0x1b naskfunc.o

.debug_line     0x0000000000000000       0xd1
 .debug_line    0x0000000000000000       0xd1 naskfunc.o

.debug_frame    0x0000000000000000        0x0
 .debug_frame   0x0000000000000000        0x0 naskfunc.o

.debug_loc      0x0000000000000000        0x0
 .debug_loc     0x0000000000000000        0x0 naskfunc.o

.bss            0x00000000003113a0     0x2744 load address 0x0000000000005ae0
 COMMON         0x00000000003113a0        0x8 keyboard.o
                0x00000000003113a0                keyfifo
                0x00000000003113a4                keydata0
 COMMON         0x00000000003113a8        0x8 mouse.o
                0x00000000003113a8                mousedata0
                0x00000000003113ac                mousefifo
 *fill*         0x00000000003113b0       0x10 
 COMMON         0x00000000003113c0     0x271c timer.o
                0x00000000003113c0                timerctl
 COMMON         0x0000000000313adc        0x8 mtask.o
                0x0000000000313adc                taskctl
                0x0000000000313ae0                task_timer
